MPLINK 5.09, LINKER
Linker Map File - Created Fri Apr 19 16:16:30 2019

                                 Section Info
                  Section       Type    Address   Location Size(Bytes)
                ---------  ---------  ---------  ---------  ---------
                   .org_4       code   0x000000    program   0x000004
                   .cinit    romdata   0x000004    program   0x000002
                   .org_5       code   0x000020    program   0x0000aa
                   .org_0       code   0x000200    program   0x000022
                   .org_1       code   0x000300    program   0x000022
                   .org_2       code   0x000400    program   0x000022
                   .org_3       code   0x000500    program   0x00000a
.config_300001_BUILD/DEFAULT/PRODUCTION/PUNTERO    romdata   0x300001    program   0x000001
.config_300002_BUILD/DEFAULT/PRODUCTION/PUNTERO    romdata   0x300002    program   0x000001
.config_300003_BUILD/DEFAULT/PRODUCTION/PUNTERO    romdata   0x300003    program   0x000001
.config_300005_BUILD/DEFAULT/PRODUCTION/PUNTERO    romdata   0x300005    program   0x000001
.config_300006_BUILD/DEFAULT/PRODUCTION/PUNTERO    romdata   0x300006    program   0x000001



                              Program Memory Usage 
                               Start         End      
                           ---------   ---------      
                            0x000000    0x000005      
                            0x000020    0x0000c9      
                            0x000200    0x000221      
                            0x000300    0x000321      
                            0x000400    0x000421      
                            0x000500    0x000509      
                            0x300001    0x300003      
                            0x300005    0x300006      
            293 out of 33048 program addresses used, program memory utilization is 0%



                              Symbols - Sorted by Name
                     Name    Address   Location    Storage File                     
                ---------  ---------  ---------  --------- ---------                
                   bucle2   0x0000ac    program     static C:\Users\GONZALO\MPLABXProjects\Movimiento de luces.X\punteros optimizado.asm
                   bucle3   0x0000bc    program     static C:\Users\GONZALO\MPLABXProjects\Movimiento de luces.X\punteros optimizado.asm
                configura   0x000020    program     static C:\Users\GONZALO\MPLABXProjects\Movimiento de luces.X\punteros optimizado.asm
                   cuarta   0x000500    program     static C:\Users\GONZALO\MPLABXProjects\Movimiento de luces.X\punteros optimizado.asm
                 delaymon   0x00009c    program     static C:\Users\GONZALO\MPLABXProjects\Movimiento de luces.X\punteros optimizado.asm
                   inicio   0x00002a    program     static C:\Users\GONZALO\MPLABXProjects\Movimiento de luces.X\punteros optimizado.asm
                    otro1   0x0000a0    program     static C:\Users\GONZALO\MPLABXProjects\Movimiento de luces.X\punteros optimizado.asm
                    otro2   0x0000b0    program     static C:\Users\GONZALO\MPLABXProjects\Movimiento de luces.X\punteros optimizado.asm
                    otro3   0x0000c0    program     static C:\Users\GONZALO\MPLABXProjects\Movimiento de luces.X\punteros optimizado.asm
                   parte2   0x00003e    program     static C:\Users\GONZALO\MPLABXProjects\Movimiento de luces.X\punteros optimizado.asm
                   parte3   0x00005c    program     static C:\Users\GONZALO\MPLABXProjects\Movimiento de luces.X\punteros optimizado.asm
                   parte4   0x00007a    program     static C:\Users\GONZALO\MPLABXProjects\Movimiento de luces.X\punteros optimizado.asm
               secuencia2   0x000048    program     static C:\Users\GONZALO\MPLABXProjects\Movimiento de luces.X\punteros optimizado.asm
               secuencia3   0x000066    program     static C:\Users\GONZALO\MPLABXProjects\Movimiento de luces.X\punteros optimizado.asm
               secuencia4   0x000084    program     static C:\Users\GONZALO\MPLABXProjects\Movimiento de luces.X\punteros optimizado.asm
                  segunda   0x000300    program     static C:\Users\GONZALO\MPLABXProjects\Movimiento de luces.X\punteros optimizado.asm
                 tablaton   0x000200    program     static C:\Users\GONZALO\MPLABXProjects\Movimiento de luces.X\punteros optimizado.asm
                  tercera   0x000400    program     static C:\Users\GONZALO\MPLABXProjects\Movimiento de luces.X\punteros optimizado.asm



                              Symbols - Sorted by Address
                     Name    Address   Location    Storage File                     
                ---------  ---------  ---------  --------- ---------                
                configura   0x000020    program     static C:\Users\GONZALO\MPLABXProjects\Movimiento de luces.X\punteros optimizado.asm
                   inicio   0x00002a    program     static C:\Users\GONZALO\MPLABXProjects\Movimiento de luces.X\punteros optimizado.asm
                   parte2   0x00003e    program     static C:\Users\GONZALO\MPLABXProjects\Movimiento de luces.X\punteros optimizado.asm
               secuencia2   0x000048    program     static C:\Users\GONZALO\MPLABXProjects\Movimiento de luces.X\punteros optimizado.asm
                   parte3   0x00005c    program     static C:\Users\GONZALO\MPLABXProjects\Movimiento de luces.X\punteros optimizado.asm
               secuencia3   0x000066    program     static C:\Users\GONZALO\MPLABXProjects\Movimiento de luces.X\punteros optimizado.asm
                   parte4   0x00007a    program     static C:\Users\GONZALO\MPLABXProjects\Movimiento de luces.X\punteros optimizado.asm
               secuencia4   0x000084    program     static C:\Users\GONZALO\MPLABXProjects\Movimiento de luces.X\punteros optimizado.asm
                 delaymon   0x00009c    program     static C:\Users\GONZALO\MPLABXProjects\Movimiento de luces.X\punteros optimizado.asm
                    otro1   0x0000a0    program     static C:\Users\GONZALO\MPLABXProjects\Movimiento de luces.X\punteros optimizado.asm
                   bucle2   0x0000ac    program     static C:\Users\GONZALO\MPLABXProjects\Movimiento de luces.X\punteros optimizado.asm
                    otro2   0x0000b0    program     static C:\Users\GONZALO\MPLABXProjects\Movimiento de luces.X\punteros optimizado.asm
                   bucle3   0x0000bc    program     static C:\Users\GONZALO\MPLABXProjects\Movimiento de luces.X\punteros optimizado.asm
                    otro3   0x0000c0    program     static C:\Users\GONZALO\MPLABXProjects\Movimiento de luces.X\punteros optimizado.asm
                 tablaton   0x000200    program     static C:\Users\GONZALO\MPLABXProjects\Movimiento de luces.X\punteros optimizado.asm
                  segunda   0x000300    program     static C:\Users\GONZALO\MPLABXProjects\Movimiento de luces.X\punteros optimizado.asm
                  tercera   0x000400    program     static C:\Users\GONZALO\MPLABXProjects\Movimiento de luces.X\punteros optimizado.asm
                   cuarta   0x000500    program     static C:\Users\GONZALO\MPLABXProjects\Movimiento de luces.X\punteros optimizado.asm


