MPLINK 5.09, LINKER
Linker Map File - Created Fri Apr 26 09:37:52 2019

                                 Section Info
                  Section       Type    Address   Location Size(Bytes)
                ---------  ---------  ---------  ---------  ---------
                   .org_0       code   0x000000    program   0x000004
                   .cinit    romdata   0x000004    program   0x000002
                   .org_1       code   0x000020    program   0x000078
.config_300001_BUILD/DEFAULT/PRODUCTION/ELEGIR.    romdata   0x300001    program   0x000001
.config_300002_BUILD/DEFAULT/PRODUCTION/ELEGIR.    romdata   0x300002    program   0x000001
.config_300003_BUILD/DEFAULT/PRODUCTION/ELEGIR.    romdata   0x300003    program   0x000001
.config_300005_BUILD/DEFAULT/PRODUCTION/ELEGIR.    romdata   0x300005    program   0x000001
.config_300006_BUILD/DEFAULT/PRODUCTION/ELEGIR.    romdata   0x300006    program   0x000001



                              Program Memory Usage 
                               Start         End      
                           ---------   ---------      
                            0x000000    0x000005      
                            0x000020    0x000097      
                            0x300001    0x300003      
                            0x300005    0x300006      
            131 out of 33048 program addresses used, program memory utilization is 0%



                              Symbols - Sorted by Name
                     Name    Address   Location    Storage File                     
                ---------  ---------  ---------  --------- ---------                
                   apagar   0x000032    program     static C:\Users\GONZALO\MPLABXProjects\clase2.X\elegir.asm
                   bucle2   0x00007a    program     static C:\Users\GONZALO\MPLABXProjects\clase2.X\elegir.asm
                   bucle3   0x00008a    program     static C:\Users\GONZALO\MPLABXProjects\clase2.X\elegir.asm
                configura   0x000020    program     static C:\Users\GONZALO\MPLABXProjects\clase2.X\elegir.asm
                    corte   0x00005c    program     static C:\Users\GONZALO\MPLABXProjects\clase2.X\elegir.asm
                 delaymon   0x00006a    program     static C:\Users\GONZALO\MPLABXProjects\clase2.X\elegir.asm
                   inicio   0x000026    program     static C:\Users\GONZALO\MPLABXProjects\clase2.X\elegir.asm
                     lbuc   0x000060    program     static C:\Users\GONZALO\MPLABXProjects\clase2.X\elegir.asm
                   lbucle   0x00003e    program     static C:\Users\GONZALO\MPLABXProjects\clase2.X\elegir.asm
                   oscila   0x000048    program     static C:\Users\GONZALO\MPLABXProjects\clase2.X\elegir.asm
                    otro1   0x00006e    program     static C:\Users\GONZALO\MPLABXProjects\clase2.X\elegir.asm
                    otro2   0x00007e    program     static C:\Users\GONZALO\MPLABXProjects\clase2.X\elegir.asm
                    otro3   0x00008e    program     static C:\Users\GONZALO\MPLABXProjects\clase2.X\elegir.asm
                    sigue   0x000052    program     static C:\Users\GONZALO\MPLABXProjects\clase2.X\elegir.asm



                              Symbols - Sorted by Address
                     Name    Address   Location    Storage File                     
                ---------  ---------  ---------  --------- ---------                
                configura   0x000020    program     static C:\Users\GONZALO\MPLABXProjects\clase2.X\elegir.asm
                   inicio   0x000026    program     static C:\Users\GONZALO\MPLABXProjects\clase2.X\elegir.asm
                   apagar   0x000032    program     static C:\Users\GONZALO\MPLABXProjects\clase2.X\elegir.asm
                   lbucle   0x00003e    program     static C:\Users\GONZALO\MPLABXProjects\clase2.X\elegir.asm
                   oscila   0x000048    program     static C:\Users\GONZALO\MPLABXProjects\clase2.X\elegir.asm
                    sigue   0x000052    program     static C:\Users\GONZALO\MPLABXProjects\clase2.X\elegir.asm
                    corte   0x00005c    program     static C:\Users\GONZALO\MPLABXProjects\clase2.X\elegir.asm
                     lbuc   0x000060    program     static C:\Users\GONZALO\MPLABXProjects\clase2.X\elegir.asm
                 delaymon   0x00006a    program     static C:\Users\GONZALO\MPLABXProjects\clase2.X\elegir.asm
                    otro1   0x00006e    program     static C:\Users\GONZALO\MPLABXProjects\clase2.X\elegir.asm
                   bucle2   0x00007a    program     static C:\Users\GONZALO\MPLABXProjects\clase2.X\elegir.asm
                    otro2   0x00007e    program     static C:\Users\GONZALO\MPLABXProjects\clase2.X\elegir.asm
                   bucle3   0x00008a    program     static C:\Users\GONZALO\MPLABXProjects\clase2.X\elegir.asm
                    otro3   0x00008e    program     static C:\Users\GONZALO\MPLABXProjects\clase2.X\elegir.asm


