MPLINK 5.09, LINKER
Linker Map File - Created Tue Oct 30 19:44:52 2018

                                 Section Info
                  Section       Type    Address   Location Size(Bytes)
                ---------  ---------  ---------  ---------  ---------
                   .org_1       code   0x000000    program   0x000004
                   .cinit    romdata   0x000004    program   0x000002
                   .org_2       code   0x000020    program   0x000126
                   .org_0       code   0x000200    program   0x000010
.config_300001_BUILD/DEFAULT/PRODUCTION/15 AL 6    romdata   0x300001    program   0x000001
.config_300002_BUILD/DEFAULT/PRODUCTION/15 AL 6    romdata   0x300002    program   0x000001
.config_300003_BUILD/DEFAULT/PRODUCTION/15 AL 6    romdata   0x300003    program   0x000001
.config_300005_BUILD/DEFAULT/PRODUCTION/15 AL 6    romdata   0x300005    program   0x000001
.config_300006_BUILD/DEFAULT/PRODUCTION/15 AL 6    romdata   0x300006    program   0x000001



                              Program Memory Usage 
                               Start         End      
                           ---------   ---------      
                            0x000000    0x000005      
                            0x000020    0x000145      
                            0x000200    0x00020f      
                            0x300001    0x300003      
                            0x300005    0x300006      
            321 out of 33048 program addresses used, program memory utilization is 0%



                              Symbols - Sorted by Name
                     Name    Address   Location    Storage File                     
                ---------  ---------  ---------  --------- ---------                
                   bucle2   0x000128    program     static C:\Users\GONZALO\MPLABXProjects\del 00 al 79-gabi.X\15 al 64.asm
                   bucle3   0x000138    program     static C:\Users\GONZALO\MPLABXProjects\del 00 al 79-gabi.X\15 al 64.asm
                configura   0x000020    program     static C:\Users\GONZALO\MPLABXProjects\del 00 al 79-gabi.X\15 al 64.asm
                debounce1   0x0000e2    program     static C:\Users\GONZALO\MPLABXProjects\del 00 al 79-gabi.X\15 al 64.asm
                debounce2   0x0000f0    program     static C:\Users\GONZALO\MPLABXProjects\del 00 al 79-gabi.X\15 al 64.asm
                decefalso   0x000062    program     static C:\Users\GONZALO\MPLABXProjects\del 00 al 79-gabi.X\15 al 64.asm
               decefalso1   0x0000a8    program     static C:\Users\GONZALO\MPLABXProjects\del 00 al 79-gabi.X\15 al 64.asm
               deceverdad   0x00007e    program     static C:\Users\GONZALO\MPLABXProjects\del 00 al 79-gabi.X\15 al 64.asm
              deceverdad1   0x0000c4    program     static C:\Users\GONZALO\MPLABXProjects\del 00 al 79-gabi.X\15 al 64.asm
                 delaymon   0x000118    program     static C:\Users\GONZALO\MPLABXProjects\del 00 al 79-gabi.X\15 al 64.asm
               displayada   0x0000fe    program     static C:\Users\GONZALO\MPLABXProjects\del 00 al 79-gabi.X\15 al 64.asm
              inicioabajo   0x000056    program     static C:\Users\GONZALO\MPLABXProjects\del 00 al 79-gabi.X\15 al 64.asm
             inicioarriba   0x00009c    program     static C:\Users\GONZALO\MPLABXProjects\del 00 al 79-gabi.X\15 al 64.asm
                    otro1   0x00011c    program     static C:\Users\GONZALO\MPLABXProjects\del 00 al 79-gabi.X\15 al 64.asm
                    otro2   0x00012c    program     static C:\Users\GONZALO\MPLABXProjects\del 00 al 79-gabi.X\15 al 64.asm
                    otro3   0x00013c    program     static C:\Users\GONZALO\MPLABXProjects\del 00 al 79-gabi.X\15 al 64.asm
                     sele   0x000044    program     static C:\Users\GONZALO\MPLABXProjects\del 00 al 79-gabi.X\15 al 64.asm
                  tabla7s   0x000200    program     static C:\Users\GONZALO\MPLABXProjects\del 00 al 79-gabi.X\15 al 64.asm
                 unifalso   0x00006e    program     static C:\Users\GONZALO\MPLABXProjects\del 00 al 79-gabi.X\15 al 64.asm
                unifalso1   0x00008a    program     static C:\Users\GONZALO\MPLABXProjects\del 00 al 79-gabi.X\15 al 64.asm
                unifalso2   0x0000b4    program     static C:\Users\GONZALO\MPLABXProjects\del 00 al 79-gabi.X\15 al 64.asm
                unifalso3   0x0000d0    program     static C:\Users\GONZALO\MPLABXProjects\del 00 al 79-gabi.X\15 al 64.asm
                univerdad   0x000074    program     static C:\Users\GONZALO\MPLABXProjects\del 00 al 79-gabi.X\15 al 64.asm
               univerdad1   0x000090    program     static C:\Users\GONZALO\MPLABXProjects\del 00 al 79-gabi.X\15 al 64.asm
               univerdad2   0x0000ba    program     static C:\Users\GONZALO\MPLABXProjects\del 00 al 79-gabi.X\15 al 64.asm
               univerdad3   0x0000d6    program     static C:\Users\GONZALO\MPLABXProjects\del 00 al 79-gabi.X\15 al 64.asm



                              Symbols - Sorted by Address
                     Name    Address   Location    Storage File                     
                ---------  ---------  ---------  --------- ---------                
                configura   0x000020    program     static C:\Users\GONZALO\MPLABXProjects\del 00 al 79-gabi.X\15 al 64.asm
                     sele   0x000044    program     static C:\Users\GONZALO\MPLABXProjects\del 00 al 79-gabi.X\15 al 64.asm
              inicioabajo   0x000056    program     static C:\Users\GONZALO\MPLABXProjects\del 00 al 79-gabi.X\15 al 64.asm
                decefalso   0x000062    program     static C:\Users\GONZALO\MPLABXProjects\del 00 al 79-gabi.X\15 al 64.asm
                 unifalso   0x00006e    program     static C:\Users\GONZALO\MPLABXProjects\del 00 al 79-gabi.X\15 al 64.asm
                univerdad   0x000074    program     static C:\Users\GONZALO\MPLABXProjects\del 00 al 79-gabi.X\15 al 64.asm
               deceverdad   0x00007e    program     static C:\Users\GONZALO\MPLABXProjects\del 00 al 79-gabi.X\15 al 64.asm
                unifalso1   0x00008a    program     static C:\Users\GONZALO\MPLABXProjects\del 00 al 79-gabi.X\15 al 64.asm
               univerdad1   0x000090    program     static C:\Users\GONZALO\MPLABXProjects\del 00 al 79-gabi.X\15 al 64.asm
             inicioarriba   0x00009c    program     static C:\Users\GONZALO\MPLABXProjects\del 00 al 79-gabi.X\15 al 64.asm
               decefalso1   0x0000a8    program     static C:\Users\GONZALO\MPLABXProjects\del 00 al 79-gabi.X\15 al 64.asm
                unifalso2   0x0000b4    program     static C:\Users\GONZALO\MPLABXProjects\del 00 al 79-gabi.X\15 al 64.asm
               univerdad2   0x0000ba    program     static C:\Users\GONZALO\MPLABXProjects\del 00 al 79-gabi.X\15 al 64.asm
              deceverdad1   0x0000c4    program     static C:\Users\GONZALO\MPLABXProjects\del 00 al 79-gabi.X\15 al 64.asm
                unifalso3   0x0000d0    program     static C:\Users\GONZALO\MPLABXProjects\del 00 al 79-gabi.X\15 al 64.asm
               univerdad3   0x0000d6    program     static C:\Users\GONZALO\MPLABXProjects\del 00 al 79-gabi.X\15 al 64.asm
                debounce1   0x0000e2    program     static C:\Users\GONZALO\MPLABXProjects\del 00 al 79-gabi.X\15 al 64.asm
                debounce2   0x0000f0    program     static C:\Users\GONZALO\MPLABXProjects\del 00 al 79-gabi.X\15 al 64.asm
               displayada   0x0000fe    program     static C:\Users\GONZALO\MPLABXProjects\del 00 al 79-gabi.X\15 al 64.asm
                 delaymon   0x000118    program     static C:\Users\GONZALO\MPLABXProjects\del 00 al 79-gabi.X\15 al 64.asm
                    otro1   0x00011c    program     static C:\Users\GONZALO\MPLABXProjects\del 00 al 79-gabi.X\15 al 64.asm
                   bucle2   0x000128    program     static C:\Users\GONZALO\MPLABXProjects\del 00 al 79-gabi.X\15 al 64.asm
                    otro2   0x00012c    program     static C:\Users\GONZALO\MPLABXProjects\del 00 al 79-gabi.X\15 al 64.asm
                   bucle3   0x000138    program     static C:\Users\GONZALO\MPLABXProjects\del 00 al 79-gabi.X\15 al 64.asm
                    otro3   0x00013c    program     static C:\Users\GONZALO\MPLABXProjects\del 00 al 79-gabi.X\15 al 64.asm
                  tabla7s   0x000200    program     static C:\Users\GONZALO\MPLABXProjects\del 00 al 79-gabi.X\15 al 64.asm


