MPLINK 5.09, LINKER
Linker Map File - Created Thu Apr 18 19:22:34 2019

                                 Section Info
                  Section       Type    Address   Location Size(Bytes)
                ---------  ---------  ---------  ---------  ---------
                   .org_1       code   0x000000    program   0x000004
                   .cinit    romdata   0x000004    program   0x000002
                   .org_2       code   0x000008    program   0x000004
                   .org_3       code   0x000020    program   0x0000c6
                   .org_0       code   0x000700    program   0x000010
.config_300001_BUILD/DEFAULT/PRODUCTION/TECLADO    romdata   0x300001    program   0x000001
.config_300002_BUILD/DEFAULT/PRODUCTION/TECLADO    romdata   0x300002    program   0x000001
.config_300003_BUILD/DEFAULT/PRODUCTION/TECLADO    romdata   0x300003    program   0x000001
.config_300005_BUILD/DEFAULT/PRODUCTION/TECLADO    romdata   0x300005    program   0x000001
.config_300006_BUILD/DEFAULT/PRODUCTION/TECLADO    romdata   0x300006    program   0x000001



                              Program Memory Usage 
                               Start         End      
                           ---------   ---------      
                            0x000000    0x000005      
                            0x000008    0x00000b      
                            0x000020    0x0000e5      
                            0x000700    0x00070f      
                            0x300001    0x300003      
                            0x300005    0x300006      
            229 out of 33048 program addresses used, program memory utilization is 0%



                              Symbols - Sorted by Name
                     Name    Address   Location    Storage File                     
                ---------  ---------  ---------  --------- ---------                
                     COL1   0x000054    program     static C:\Users\GONZALO\MPLABXProjects\semana 4.X\teclado matricial.asm
                     COL2   0x00006e    program     static C:\Users\GONZALO\MPLABXProjects\semana 4.X\teclado matricial.asm
                     COL3   0x000088    program     static C:\Users\GONZALO\MPLABXProjects\semana 4.X\teclado matricial.asm
                     COL4   0x0000a2    program     static C:\Users\GONZALO\MPLABXProjects\semana 4.X\teclado matricial.asm
                   INICIO   0x000036    program     static C:\Users\GONZALO\MPLABXProjects\semana 4.X\teclado matricial.asm
                     MAIN   0x000020    program     static C:\Users\GONZALO\MPLABXProjects\semana 4.X\teclado matricial.asm
                     RET1   0x0000d4    program     static C:\Users\GONZALO\MPLABXProjects\semana 4.X\teclado matricial.asm
                     RET2   0x0000d8    program     static C:\Users\GONZALO\MPLABXProjects\semana 4.X\teclado matricial.asm
                  RETARDO   0x0000d0    program     static C:\Users\GONZALO\MPLABXProjects\semana 4.X\teclado matricial.asm
                RUT_ALTAP   0x00003a    program     static C:\Users\GONZALO\MPLABXProjects\semana 4.X\teclado matricial.asm
                    SALIR   0x0000bc    program     static C:\Users\GONZALO\MPLABXProjects\semana 4.X\teclado matricial.asm
                    TABLA   0x000700    program     static C:\Users\GONZALO\MPLABXProjects\semana 4.X\teclado matricial.asm



                              Symbols - Sorted by Address
                     Name    Address   Location    Storage File                     
                ---------  ---------  ---------  --------- ---------                
                     MAIN   0x000020    program     static C:\Users\GONZALO\MPLABXProjects\semana 4.X\teclado matricial.asm
                   INICIO   0x000036    program     static C:\Users\GONZALO\MPLABXProjects\semana 4.X\teclado matricial.asm
                RUT_ALTAP   0x00003a    program     static C:\Users\GONZALO\MPLABXProjects\semana 4.X\teclado matricial.asm
                     COL1   0x000054    program     static C:\Users\GONZALO\MPLABXProjects\semana 4.X\teclado matricial.asm
                     COL2   0x00006e    program     static C:\Users\GONZALO\MPLABXProjects\semana 4.X\teclado matricial.asm
                     COL3   0x000088    program     static C:\Users\GONZALO\MPLABXProjects\semana 4.X\teclado matricial.asm
                     COL4   0x0000a2    program     static C:\Users\GONZALO\MPLABXProjects\semana 4.X\teclado matricial.asm
                    SALIR   0x0000bc    program     static C:\Users\GONZALO\MPLABXProjects\semana 4.X\teclado matricial.asm
                  RETARDO   0x0000d0    program     static C:\Users\GONZALO\MPLABXProjects\semana 4.X\teclado matricial.asm
                     RET1   0x0000d4    program     static C:\Users\GONZALO\MPLABXProjects\semana 4.X\teclado matricial.asm
                     RET2   0x0000d8    program     static C:\Users\GONZALO\MPLABXProjects\semana 4.X\teclado matricial.asm
                    TABLA   0x000700    program     static C:\Users\GONZALO\MPLABXProjects\semana 4.X\teclado matricial.asm


