MPLINK 5.09, LINKER
Linker Map File - Created Tue Nov 13 11:55:46 2018

                                 Section Info
                  Section       Type    Address   Location Size(Bytes)
                ---------  ---------  ---------  ---------  ---------
                   .org_0       code   0x000000    program   0x000004
                   .cinit    romdata   0x000004    program   0x000002
                   .org_1       code   0x000020    program   0x000018
.config_300001_BUILD/DEFAULT/PRODUCTION/ONDA CU    romdata   0x300001    program   0x000001
.config_300002_BUILD/DEFAULT/PRODUCTION/ONDA CU    romdata   0x300002    program   0x000001
.config_300003_BUILD/DEFAULT/PRODUCTION/ONDA CU    romdata   0x300003    program   0x000001
.config_300005_BUILD/DEFAULT/PRODUCTION/ONDA CU    romdata   0x300005    program   0x000001
.config_300006_BUILD/DEFAULT/PRODUCTION/ONDA CU    romdata   0x300006    program   0x000001



                              Program Memory Usage 
                               Start         End      
                           ---------   ---------      
                            0x000000    0x000005      
                            0x000020    0x000037      
                            0x300001    0x300003      
                            0x300005    0x300006      
            35 out of 33048 program addresses used, program memory utilization is 0%



                              Symbols - Sorted by Name
                     Name    Address   Location    Storage File                     
                ---------  ---------  ---------  --------- ---------                
                configura   0x000020    program     static C:\Users\GONZALO\MPLABXProjects\Timer0.X\onda cuadrada.asm
                   inicio   0x000026    program     static C:\Users\GONZALO\MPLABXProjects\Timer0.X\onda cuadrada.asm
                     papa   0x00002a    program     static C:\Users\GONZALO\MPLABXProjects\Timer0.X\onda cuadrada.asm



                              Symbols - Sorted by Address
                     Name    Address   Location    Storage File                     
                ---------  ---------  ---------  --------- ---------                
                configura   0x000020    program     static C:\Users\GONZALO\MPLABXProjects\Timer0.X\onda cuadrada.asm
                   inicio   0x000026    program     static C:\Users\GONZALO\MPLABXProjects\Timer0.X\onda cuadrada.asm
                     papa   0x00002a    program     static C:\Users\GONZALO\MPLABXProjects\Timer0.X\onda cuadrada.asm


