Microchip MPLAB XC8 Compiler V2.05 ()

Linker command line:

-W-3 --edf=C:\Program Files (x86)\Microchip\xc8\v2.05\pic\dat\en_msgs.txt \
  -cs -h+dist/default/production\laboratorio_calificado_4.X.production.sym \
  --cmf=dist/default/production\laboratorio_calificado_4.X.production.cmf \
  -z -Q18F4550 -oC:\Users\GONZALO\AppData\Local\Temp\s7qs.2 \
  --defsym=__MPLAB_BUILD=1 \
  -Mdist/default/production/laboratorio_calificado_4.X.production.map -E1 \
  -ver=XC8 --acfsm=1493 -ASTACK=0A7h-07FFh -pstack=STACK -ACODE=00h-07FFFh \
  -ACONST=00h-07FFFh -ASMALLCONST=0800h-08FFhx120 \
  -AMEDIUMCONST=0800h-07FFFh -ACOMRAM=01h-05Fh -AABS1=00h-07FFh \
  -ABIGRAM=01h-07FFh -ARAM=060h-0FFh,0100h-01FFhx7 -ABANK0=060h-0FFh \
  -ABANK1=0100h-01FFh -ABANK2=0200h-02FFh -ABANK3=0300h-03FFh \
  -ABANK4=0400h-04FFh -ABANK5=0500h-05FFh -ABANK6=0600h-06FFh \
  -ABANK7=0700h-07FFh -ASFR=0F60h-0FFFh \
  -preset_vec=00h,intcode=08h,intcodelo,powerup,init -pramtop=0800h \
  -psmallconst=SMALLCONST -pmediumconst=MEDIUMCONST -pconst=CONST \
  -AFARRAM=00h-00h -ACONFIG=0300000h-030000Dh -pconfig=CONFIG \
  -AIDLOC=0200000h-0200007h -pidloc=IDLOC -AEEDATA=0F00000h-0F000FFh \
  -peeprom_data=EEDATA \
  -prdata=COMRAM,nvrram=COMRAM,nvbit=COMRAM,rbss=COMRAM,rbit=COMRAM \
  -pfarbss=FARRAM,fardata=FARRAM,nvFARRAM=FARRAM \
  -pintsave_regs=BIGRAM,bigbss=BIGRAM,bigdata=BIGRAM -pbss=RAM \
  -pidata=CODE,irdata=CODE,ibigdata=CODE,ifardata=CODE -prparam=COMRAM \
  C:\Users\GONZALO\AppData\Local\Temp\s7qs.o \
  dist/default/production\laboratorio_calificado_4.X.production.o 

Object code version is 3.11

Machine type is 18F4550

Call graph: (short form)




                Name                               Link     Load   Length Selector   Space Scale
C:\Users\GONZALO\AppData\Local\Temp\s7qs.o
                init                                  E        E        4        4       0
                reset_vec                             0        0        4        0       0
                idloc                            200000   200000        8   200000       0
                config                           300000   300000        E   300000       0
dist/default/production\laboratorio_calificado_4.X.production.o
                intcode                               8        8        6        4       0
                temp                                 53       53        1        1       1
                mediumconst                        7DE8     7DE8      218     3EF4       0
                text31                             190E     190E        C        4       0
                text30                             1832     1832       32        4       0
                text29                             1412     1412       A2        4       0
                intcode_body                       10A8     10A8      128        4       0
                text27                              704      704      30E        4       0
                text26                              A12      A12      28A        4       0
                text25                              3B2      3B2      352        4       0
                text24                             12B4     12B4       BC        4       0
                text23                             11D0     11D0       E4        4       0
                text22                             18E6     18E6       1C        4       0
                text21                             18CA     18CA       1C        4       0
                text20                             1616     1616       62        4       0
                text19                             179A     179A       34        4       0
                text18                             1922     1922        8        4       0
                text17                             18AE     18AE       1C        4       0
                text16                             1678     1678       60        4       0
                text15                             16D8     16D8       48        4       0
                text14                              F68      F68      140        4       0
                text13                             1902     1902        C        4       0
                text12                             1800     1800       32        4       0
                text11                             1370     1370       A2        4       0
                text10                             191A     191A        8        4       0
                text9                              15A8     15A8       6E        4       0
                text8                               E12      E12      156        4       0
                text7                              1864     1864       26        4       0
                text6                              1766     1766       34        4       0
                text5                              17CE     17CE       32        4       0
                text4                              188A     188A       24        4       0
                text3                              14B4     14B4       84        4       0
                text2                              1538     1538       70        4       0
                text1                               C9C      C9C      176        4       0
                text0                                12       12      3A0        4       0
                cstackCOMRAM                          1        1       48        1       1
                cstackBANK0                          60       60       39       60       1
                dataBANK0                            A1       A1        6       60       1
                bssBANK0                             99       99        8       60       1
                bssCOMRAM                            49       49        A        1       1
                cinit                              1720     1720       46        4       0
                idataBANK0                         192A     192A        6        4       0

TOTAL           Name                               Link     Load   Length     Space
        CLASS   STACK          

        CLASS   CODE           
                intcode                               8        8        6         0
                init                                  E        E        4         0
                reset_vec                             0        0        4         0
                text31                             190E     190E        C         0
                text30                             1832     1832       32         0
                text29                             1412     1412       A2         0
                intcode_body                       10A8     10A8      128         0
                text27                              704      704      30E         0
                text26                              A12      A12      28A         0
                text25                              3B2      3B2      352         0
                text24                             12B4     12B4       BC         0
                text23                             11D0     11D0       E4         0
                text22                             18E6     18E6       1C         0
                text21                             18CA     18CA       1C         0
                text20                             1616     1616       62         0
                text19                             179A     179A       34         0
                text18                             1922     1922        8         0
                text17                             18AE     18AE       1C         0
                text16                             1678     1678       60         0
                text15                             16D8     16D8       48         0
                text14                              F68      F68      140         0
                text13                             1902     1902        C         0
                text12                             1800     1800       32         0
                text11                             1370     1370       A2         0
                text10                             191A     191A        8         0
                text9                              15A8     15A8       6E         0
                text8                               E12      E12      156         0
                text7                              1864     1864       26         0
                text6                              1766     1766       34         0
                text5                              17CE     17CE       32         0
                text4                              188A     188A       24         0
                text3                              14B4     14B4       84         0
                text2                              1538     1538       70         0
                text1                               C9C      C9C      176         0
                text0                                12       12      3A0         0
                cinit                              1720     1720       46         0
                idataBANK0                         192A     192A        6         0

        CLASS   CONST          

        CLASS   SMALLCONST     

        CLASS   MEDIUMCONST    
                mediumconst                        7DE8     7DE8      218         0

        CLASS   COMRAM         
                temp                                 53       53        1         1
                cstackCOMRAM                          1        1       48         1
                bssCOMRAM                            49       49        A         1

        CLASS   ABS1           

        CLASS   BIGRAM         

        CLASS   RAM            

        CLASS   BANK0          
                cstackBANK0                          60       60       39         1
                dataBANK0                            A1       A1        6         1
                bssBANK0                             99       99        8         1

        CLASS   BANK1          

        CLASS   BANK2          

        CLASS   BANK3          

        CLASS   BANK4          

        CLASS   BANK5          

        CLASS   BANK6          

        CLASS   BANK7          

        CLASS   SFR            

        CLASS   FARRAM         

        CLASS   CONFIG         
                config                           300000   300000        E         0

        CLASS   IDLOC          
                idloc                            200000   200000        8         0

        CLASS   EEDATA         



SEGMENTS        Name                           Load    Length   Top    Selector   Space  Class

                reset_vec                      000000  000004  000004         0       0  CODE    
                cstackCOMRAM                   000001  000053  000054         1       1  COMRAM  
                intcode                        000008  001928  001930         4       0  CODE    
                cstackBANK0                    000060  000047  0000A7        60       1  BANK0   
                mediumconst                    007DE8  000218  008000      3EF4       0  MEDIUMCO
                idloc                          200000  000008  200008    200000       0  IDLOC   
                config                         300000  00000E  30000E    300000       0  CONFIG  


UNUSED ADDRESS RANGES

        Name                Unused          Largest block    Delta
        BANK0            0000A7-0000FF               59
        BANK1            000100-0001FF              100
        BANK2            000200-0002FF              100
        BANK3            000300-0003FF              100
        BANK4            000400-0004FF              100
        BANK5            000500-0005FF              100
        BANK6            000600-0006FF              100
        BANK7            000700-0007FF              100
        BIGRAM           000054-00005F                C
                         0000A7-0007FF              759
        CODE             000004-000007                4
                         001930-007DE7             64B8
        COMRAM           000054-00005F                C
        CONST            000004-000007                4
                         001930-007DE7             64B8
        EEDATA           F00000-F000FF              100
        MEDIUMCONST      001930-007DE7             64B8
        RAM              0000A7-0007FF              100
        SFR              000F60-000FFF               A0
        SMALLCONST       001930-007DE7              100
        STACK            0000A7-0007FF              759

                                  Symbol Table

?_DHT11_CheckResponse         cstackCOMRAM 00000C
?_DHT11_ReadData              cstackCOMRAM 00000C
?___awdiv                     cstackCOMRAM 00000C
?___awmod                     cstackCOMRAM 00000C
?___fladd                     cstackCOMRAM 00003F
?___fldiv                     cstackCOMRAM 000033
?___flmul                     cstackCOMRAM 00001A
?___flsub                     cstackBANK0  000075
?___fltol                     cstackBANK0  000075
?___xxtofl                    cstackCOMRAM 00000C
ANGULO_SERVO@grados           cstackBANK0  00007D
ANGULO_SERVO@i                cstackBANK0  000081
ANGULO_SERVO@j                cstackBANK0  000083
Abrir_Serial@velocidad        cstackCOMRAM 00000C
CURSOR_ONOFF@estado           cstackCOMRAM 00000F
DHT11_CheckResponse@cont      cstackCOMRAM 00000E
DHT11_ReadData@bits           cstackCOMRAM 000018
DHT11_ReadData@cont_read      cstackCOMRAM 00001F
DHT11_ReadData@data           cstackCOMRAM 000023
DHT11_ReadData@dhum           cstackCOMRAM 00000E
DHT11_ReadData@dtemp          cstackCOMRAM 000012
DHT11_ReadData@hum            cstackCOMRAM 00000C
DHT11_ReadData@i              cstackCOMRAM 000021
DHT11_ReadData@j              cstackCOMRAM 00001D
DHT11_ReadData@temp           cstackCOMRAM 000010
ENVIA_CHAR@aux                cstackCOMRAM 00000E
ENVIA_CHAR@dato               cstackCOMRAM 00000D
ENVIA_LCD_CMD@aux             cstackCOMRAM 00000E
ENVIA_LCD_CMD@dato            cstackCOMRAM 00000D
ENVIA_NIBBLE@dato             cstackCOMRAM 00000C
ESCRIBE_MENSAJE@cadena        cstackCOMRAM 00000F
ESCRIBE_MENSAJE@i             cstackCOMRAM 000014
ESCRIBE_MENSAJE@tam           cstackCOMRAM 000011
LEER_LCD@aux                  cstackCOMRAM 00000C
POS_CURSOR@columna            cstackCOMRAM 00000F
POS_CURSOR@fila               cstackCOMRAM 000010
TX_CHAR_EUSART@num            cstackCOMRAM 00000C
TX_MENSAJE_EUSART@i           cstackCOMRAM 000012
TX_MENSAJE_EUSART@pos         cstackCOMRAM 00000F
TX_MENSAJE_EUSART@vector      cstackCOMRAM 00000D
_ADCON0                       (abs)        000FC2
_ADCON0bits                   (abs)        000FC2
_ADCON1                       (abs)        000FC1
_ADCON2                       (abs)        000FC0
_ADRESH                       (abs)        000FC4
_ADRESL                       (abs)        000FC3
_ANGULO_SERVO                 text23       0011D0
_Abrir_Serial                 text22       0018E6
_BAUDCONbits                  (abs)        000FB8
_BORRAR_LCD                   text18       001922
_CURSOR_HOME                  text10       00191A
_CURSOR_ONOFF                 text17       0018AE
_DHT11_CheckResponse          text9        0015A8
_DHT11_ReadData               text8        000E12
_DHT11_init                   text7        001864
_ENVIA_CHAR                   text6        001766
_ENVIA_LCD_CMD                text19       00179A
_ENVIA_NIBBLE                 text21       0018CA
_ESCRIBE_MENSAJE              text5        0017CE
_INTCONbits                   (abs)        000FF2
_LATBbits                     (abs)        000F8A
_LATD                         (abs)        000F8C
_LATDbits                     (abs)        000F8C
_LATEbits                     (abs)        000F8D
_LCD_CONFIG                   text16       001678
_LEER_LCD                     text20       001616
_PIE1bits                     (abs)        000F9D
_PIR1bits                     (abs)        000F9E
_PORTBbits                    (abs)        000F81
_PORTD                        (abs)        000F83
_POS_CURSOR                   text4        00188A
_RCREG                        (abs)        000FAE
_RCSTAbits                    (abs)        000FAB
_SPBRG                        (abs)        000FAF
_SPBRGH                       (abs)        000FB0
_TRISA                        (abs)        000F92
_TRISB                        (abs)        000F93
_TRISBbits                    (abs)        000F93
_TRISD                        (abs)        000F95
_TRISE                        (abs)        000F96
_TRISEbits                    (abs)        000F96
_TXREG                        (abs)        000FAD
_TXSTAbits                    (abs)        000FAC
_TX_CHAR_EUSART               text13       001902
_TX_MENSAJE_EUSART            text12       001800
_T_PWM                        dataBANK0    0000A5
_T_off                        bssBANK0     000099
_T_on                         bssBANK0     00009B
_T_on_max                     dataBANK0    0000A1
_T_on_min                     dataBANK0    0000A3
__CFG_BOR$OFF                 (abs)        000000
__CFG_CCP2MX$ON               (abs)        000000
__CFG_CPUDIV$OSC1_PLL2        (abs)        000000
__CFG_FOSC$XTPLL_XT           (abs)        000000
__CFG_LVP$OFF                 (abs)        000000
__CFG_MCLRE$ON                (abs)        000000
__CFG_PBADEN$OFF              (abs)        000000
__CFG_PLLDIV$1                (abs)        000000
__CFG_PWRT$ON                 (abs)        000000
__CFG_WDT$OFF                 (abs)        000000
__HRAM                        (abs)        000000
__Habs1                       abs1         000000
__Hbank0                      bank0        000000
__Hbank1                      bank1        000000
__Hbank2                      bank2        000000
__Hbank3                      bank3        000000
__Hbank4                      bank4        000000
__Hbank5                      bank5        000000
__Hbank6                      bank6        000000
__Hbank7                      bank7        000000
__Hbigbss                     bigbss       000000
__Hbigdata                    bigdata      000000
__Hbigram                     bigram       000000
__Hbss                        bss          000000
__HbssBANK0                   bssBANK0     000000
__HbssCOMRAM                  bssCOMRAM    000000
__Hcinit                      cinit        000000
__Hclrtext                    clrtext      000000
__Hcomram                     comram       000000
__Hconfig                     config       30000E
__Hconst                      const        000000
__HcstackBANK0                cstackBANK0  000000
__HcstackCOMRAM               cstackCOMRAM 000000
__Hdata                       data         000000
__HdataBANK0                  dataBANK0    000000
__Heeprom_data                eeprom_data  000000
__Hfarbss                     farbss       000000
__Hfardata                    fardata      000000
__Hibigdata                   ibigdata     000000
__Hidata                      idata        000000
__HidataBANK0                 idataBANK0   000000
__Hidloc                      idloc        200008
__Hifardata                   ifardata     000000
__Hinit                       init         000012
__Hintcode                    intcode      00000E
__Hintcode_body               intcode_body 000000
__Hintcodelo                  intcodelo    00000E
__Hintentry                   intentry     000000
__Hintret                     intret       000000
__Hintsave_regs               intsave_regs 000000
__Hirdata                     irdata       000000
__Hmediumconst                mediumconst  008000
__HnvFARRAM                   nvFARRAM     000000
__Hnvbit                      nvbit        000000
__Hnvrram                     nvrram       000000
__Hparam                      rparam       000000
__Hpowerup                    powerup      00000E
__Hram                        ram          000000
__Hramtop                     ramtop       000800
__Hrbit                       rbit         000000
__Hrbss                       rbss         000000
__Hrdata                      rdata        000000
__Hreset_vec                  reset_vec    000004
__Hrparam                     rparam       000000
__Hsfr                        sfr          000000
__Hsmallconst                 smallconst   000000
__Hspace_0                    (abs)        30000E
__Hspace_1                    (abs)        0000A7
__Hspace_2                    (abs)        000000
__Hstack                      stack        000000
__Hstruct                     struct       000000
__Htemp                       temp         000054
__Htext                       text         000000
__Htext0                      text0        000000
__Htext1                      text1        000000
__Htext10                     text10       000000
__Htext11                     text11       000000
__Htext12                     text12       000000
__Htext13                     text13       000000
__Htext14                     text14       000000
__Htext15                     text15       000000
__Htext16                     text16       000000
__Htext17                     text17       000000
__Htext18                     text18       000000
__Htext19                     text19       000000
__Htext2                      text2        000000
__Htext20                     text20       000000
__Htext21                     text21       000000
__Htext22                     text22       000000
__Htext23                     text23       000000
__Htext24                     text24       000000
__Htext25                     text25       000000
__Htext26                     text26       000000
__Htext27                     text27       000000
__Htext29                     text29       000000
__Htext3                      text3        000000
__Htext30                     text30       000000
__Htext31                     text31       000000
__Htext4                      text4        000000
__Htext5                      text5        000000
__Htext6                      text6        000000
__Htext7                      text7        000000
__Htext8                      text8        000000
__Htext9                      text9        000000
__LRAM                        (abs)        000001
__Labs1                       abs1         000000
__Lbank0                      bank0        000000
__Lbank1                      bank1        000000
__Lbank2                      bank2        000000
__Lbank3                      bank3        000000
__Lbank4                      bank4        000000
__Lbank5                      bank5        000000
__Lbank6                      bank6        000000
__Lbank7                      bank7        000000
__Lbigbss                     bigbss       000000
__Lbigdata                    bigdata      000000
__Lbigram                     bigram       000000
__Lbss                        bss          000000
__LbssBANK0                   bssBANK0     000000
__LbssCOMRAM                  bssCOMRAM    000000
__Lcinit                      cinit        000000
__Lclrtext                    clrtext      000000
__Lcomram                     comram       000000
__Lconfig                     config       300000
__Lconst                      const        000000
__LcstackBANK0                cstackBANK0  000000
__LcstackCOMRAM               cstackCOMRAM 000000
__Ldata                       data         000000
__LdataBANK0                  dataBANK0    000000
__Leeprom_data                eeprom_data  000000
__Lfarbss                     farbss       000000
__Lfardata                    fardata      000000
__Libigdata                   ibigdata     000000
__Lidata                      idata        000000
__LidataBANK0                 idataBANK0   000000
__Lidloc                      idloc        200000
__Lifardata                   ifardata     000000
__Linit                       init         00000E
__Lintcode                    intcode      000008
__Lintcode_body               intcode_body 000000
__Lintcodelo                  intcodelo    00000E
__Lintentry                   intentry     000000
__Lintret                     intret       000000
__Lintsave_regs               intsave_regs 000000
__Lirdata                     irdata       000000
__Lmediumconst                mediumconst  007DE8
__LnvFARRAM                   nvFARRAM     000000
__Lnvbit                      nvbit        000000
__Lnvrram                     nvrram       000000
__Lparam                      rparam       000000
__Lpowerup                    powerup      00000E
__Lram                        ram          000000
__Lramtop                     ramtop       000800
__Lrbit                       rbit         000000
__Lrbss                       rbss         000000
__Lrdata                      rdata        000000
__Lreset_vec                  reset_vec    000000
__Lrparam                     rparam       000000
__Lsfr                        sfr          000000
__Lsmallconst                 smallconst   000000
__Lspace_0                    (abs)        000000
__Lspace_1                    (abs)        000000
__Lspace_2                    (abs)        000000
__Lstack                      stack        000000
__Lstruct                     struct       000000
__Ltemp                       temp         000053
__Ltext                       text         000000
__Ltext0                      text0        000000
__Ltext1                      text1        000000
__Ltext10                     text10       000000
__Ltext11                     text11       000000
__Ltext12                     text12       000000
__Ltext13                     text13       000000
__Ltext14                     text14       000000
__Ltext15                     text15       000000
__Ltext16                     text16       000000
__Ltext17                     text17       000000
__Ltext18                     text18       000000
__Ltext19                     text19       000000
__Ltext2                      text2        000000
__Ltext20                     text20       000000
__Ltext21                     text21       000000
__Ltext22                     text22       000000
__Ltext23                     text23       000000
__Ltext24                     text24       000000
__Ltext25                     text25       000000
__Ltext26                     text26       000000
__Ltext27                     text27       000000
__Ltext29                     text29       000000
__Ltext3                      text3        000000
__Ltext30                     text30       000000
__Ltext31                     text31       000000
__Ltext4                      text4        000000
__Ltext5                      text5        000000
__Ltext6                      text6        000000
__Ltext7                      text7        000000
__Ltext8                      text8        000000
__Ltext9                      text9        000000
__S0                          (abs)        30000E
__S1                          (abs)        0000A7
__S2                          (abs)        000000
___awdiv                      text3        0014B4
___awdiv@counter              cstackCOMRAM 000010
___awdiv@dividend             cstackCOMRAM 00000C
___awdiv@divisor              cstackCOMRAM 00000E
___awdiv@quotient             cstackCOMRAM 000012
___awdiv@sign                 cstackCOMRAM 000011
___awmod                      text2        001538
___awmod@counter              cstackCOMRAM 000010
___awmod@dividend             cstackCOMRAM 00000C
___awmod@divisor              cstackCOMRAM 00000E
___awmod@sign                 cstackCOMRAM 000011
___fladd                      text27       000704
___fladd@a                    cstackCOMRAM 000043
___fladd@aexp                 cstackBANK0  000072
___fladd@b                    cstackCOMRAM 00003F
___fladd@bexp                 cstackBANK0  000073
___fladd@grs                  cstackBANK0  000074
___fladd@signs                cstackBANK0  000071
___fldiv                      text26       000A12
___fldiv@a                    cstackCOMRAM 000037
___fldiv@aexp                 cstackBANK0  00006C
___fldiv@b                    cstackCOMRAM 000033
___fldiv@bexp                 cstackBANK0  00006B
___fldiv@grs                  cstackBANK0  000067
___fldiv@new_exp              cstackBANK0  000065
___fldiv@rem                  cstackBANK0  000060
___fldiv@sign                 cstackBANK0  000064
___flmul                      text25       0003B2
___flmul@a                    cstackCOMRAM 00001E
___flmul@aexp                 cstackCOMRAM 00002B
___flmul@b                    cstackCOMRAM 00001A
___flmul@bexp                 cstackCOMRAM 00002C
___flmul@grs                  cstackCOMRAM 000027
___flmul@prod                 cstackCOMRAM 00002D
___flmul@sign                 cstackCOMRAM 000026
___flmul@temp                 cstackCOMRAM 000031
___flsub                      text15       0016D8
___flsub@a                    cstackBANK0  000079
___flsub@b                    cstackBANK0  000075
___fltol                      text24       0012B4
___fltol@exp1                 cstackCOMRAM 000048
___fltol@f1                   cstackBANK0  000075
___fltol@sign1                cstackCOMRAM 000047
___inthi_sp                   stack        000000
___intlo_sp                   stack        000000
___param_bank                 (abs)        000000
___rparam_used                (abs)        000001
___sp                         stack        000000
___xxtofl                     text14       000F68
___xxtofl@arg                 cstackCOMRAM 000016
___xxtofl@exp                 cstackCOMRAM 000015
___xxtofl@sign                cstackCOMRAM 000014
___xxtofl@val                 cstackCOMRAM 00000C
__accesstop                   (abs)        000060
__activetblptr                (abs)        000002
__end_of_ANGULO_SERVO         text23       0012B4
__end_of_Abrir_Serial         text22       001902
__end_of_BORRAR_LCD           text18       00192A
__end_of_CURSOR_HOME          text10       001922
__end_of_CURSOR_ONOFF         text17       0018CA
__end_of_DHT11_CheckResponse  text9        001616
__end_of_DHT11_ReadData       text8        000F68
__end_of_DHT11_init           text7        00188A
__end_of_ENVIA_CHAR           text6        00179A
__end_of_ENVIA_LCD_CMD        text19       0017CE
__end_of_ENVIA_NIBBLE         text21       0018E6
__end_of_ESCRIBE_MENSAJE      text5        001800
__end_of_LCD_CONFIG           text16       0016D8
__end_of_LEER_LCD             text20       001678
__end_of_POS_CURSOR           text4        0018AE
__end_of_TX_CHAR_EUSART       text13       00190E
__end_of_TX_MENSAJE_EUSART    text12       001832
__end_of___awdiv              text3        001538
__end_of___awmod              text2        0015A8
__end_of___fladd              text27       000A12
__end_of___fldiv              text26       000C9C
__end_of___flmul              text25       000704
__end_of___flsub              text15       001720
__end_of___fltol              text24       001370
__end_of___xxtofl             text14       0010A8
__end_of__initialization      cinit        001758
__end_of_interrupcion         intcode_body 0011D0
__end_of_main                 text0        0003B2
__end_of_muestra_menu         text11       001412
__end_of_valores              text1        000E12
__end_ofi2_TX_CHAR_EUSART     text31       00191A
__end_ofi2_TX_MENSAJE_EUSART  text30       001864
__end_ofi2_muestra_menu       text29       0014B4
__initialization              cinit        001720
__mediumconst                 mediumconst  007DE8
__pbssBANK0                   bssBANK0     000099
__pbssCOMRAM                  bssCOMRAM    000049
__pcinit                      cinit        001720
__pcstackBANK0                cstackBANK0  000060
__pcstackCOMRAM               cstackCOMRAM 000001
__pdataBANK0                  dataBANK0    0000A1
__pidataBANK0                 idataBANK0   00192A
__pintcode                    intcode      000008
__pintcode_body               intcode_body 0010A8
__pmediumconst                mediumconst  007DE8
__ptext0                      text0        000012
__ptext1                      text1        000C9C
__ptext10                     text10       00191A
__ptext11                     text11       001370
__ptext12                     text12       001800
__ptext13                     text13       001902
__ptext14                     text14       000F68
__ptext15                     text15       0016D8
__ptext16                     text16       001678
__ptext17                     text17       0018AE
__ptext18                     text18       001922
__ptext19                     text19       00179A
__ptext2                      text2        001538
__ptext20                     text20       001616
__ptext21                     text21       0018CA
__ptext22                     text22       0018E6
__ptext23                     text23       0011D0
__ptext24                     text24       0012B4
__ptext25                     text25       0003B2
__ptext26                     text26       000A12
__ptext27                     text27       000704
__ptext29                     text29       001412
__ptext3                      text3        0014B4
__ptext30                     text30       001832
__ptext31                     text31       00190E
__ptext4                      text4        00188A
__ptext5                      text5        0017CE
__ptext6                      text6        001766
__ptext7                      text7        001864
__ptext8                      text8        000E12
__ptext9                      text9        0015A8
__ramtop                      ramtop       000800
__size_of_ANGULO_SERVO        (abs)        000000
__size_of_Abrir_Serial        (abs)        000000
__size_of_BORRAR_LCD          (abs)        000000
__size_of_CURSOR_HOME         (abs)        000000
__size_of_CURSOR_ONOFF        (abs)        000000
__size_of_DHT11_CheckResponse (abs)        000000
__size_of_DHT11_ReadData      (abs)        000000
__size_of_DHT11_init          (abs)        000000
__size_of_ENVIA_CHAR          (abs)        000000
__size_of_ENVIA_LCD_CMD       (abs)        000000
__size_of_ENVIA_NIBBLE        (abs)        000000
__size_of_ESCRIBE_MENSAJE     (abs)        000000
__size_of_LCD_CONFIG          (abs)        000000
__size_of_LEER_LCD            (abs)        000000
__size_of_POS_CURSOR          (abs)        000000
__size_of_TX_CHAR_EUSART      (abs)        000000
__size_of_TX_MENSAJE_EUSART   (abs)        000000
__size_of___awdiv             (abs)        000000
__size_of___awmod             (abs)        000000
__size_of___fladd             (abs)        000000
__size_of___fldiv             (abs)        000000
__size_of___flmul             (abs)        000000
__size_of___flsub             (abs)        000000
__size_of___fltol             (abs)        000000
__size_of___xxtofl            (abs)        000000
__size_of_interrupcion        (abs)        000000
__size_of_main                (abs)        000000
__size_of_muestra_menu        (abs)        000000
__size_of_valores             (abs)        000000
__size_ofi2_TX_CHAR_EUSART    (abs)        000000
__size_ofi2_TX_MENSAJE_EUSART (abs)        000000
__size_ofi2_muestra_menu      (abs)        000000
__smallconst                  smallconst   000000
_chekin                       bssBANK0     00009D
_dhum                         bssCOMRAM    00004B
_dtemp                        bssCOMRAM    00004F
_entrada                      bssBANK0     00009F
_hum                          bssCOMRAM    00004D
_interrupcion                 intcode      000008
_main                         text0        000012
_main$1490                    cstackBANK0  000089
_main$1491                    cstackBANK0  00008D
_muestra_menu                 text11       001370
_status                       bssCOMRAM    000049
_temp                         bssCOMRAM    000051
_valores                      text1        000C9C
btemp                         temp         000053
end_of_initialization         cinit        001758
i2TX_CHAR_EUSART@num          cstackCOMRAM 000001
i2TX_MENSAJE_EUSART@i         cstackCOMRAM 000007
i2TX_MENSAJE_EUSART@pos       cstackCOMRAM 000004
i2TX_MENSAJE_EUSART@vector    cstackCOMRAM 000002
i2_TX_CHAR_EUSART             text31       00190E
i2_TX_MENSAJE_EUSART          text30       001832
i2_muestra_menu               text29       001412
int$flags                     temp         000053
int_func                      intcode_body 0010A8
intlevel0                     text         000000
intlevel1                     text         000000
intlevel2                     text         000000
intlevel3                     text         000000
main@i                        cstackBANK0  000091
main@i_814                    cstackBANK0  000093
main@i_815                    cstackBANK0  000095
main@i_816                    cstackBANK0  000097
stackhi                       (abs)        0007FF
stacklo                       (abs)        0000A7
start                         init         00000E
start_initialization          cinit        001720
ttemp5                        temp         000054
ttemp6                        temp         000057
ttemp7                        temp         00005B
wtemp8                        temp         000054


FUNCTION INFORMATION:

 *************** function _main *****************
 Defined at:
		line 93 in file "intento3.c"
 Parameters:    Size  Location     Type
		None
 Auto vars:     Size  Location     Type
  i               2   55[BANK0 ] int 
  i               2   53[BANK0 ] int 
  i               2   51[BANK0 ] int 
  i               2   49[BANK0 ] int 
 Return value:  Size  Location     Type
                  1    wreg      void 
 Registers used:
		wreg, fsr2l, fsr2h, status,2, status,0, tblptrl, tblptrh, tblptru, prodl, prodh, cstack
 Tracked objects:
		On entry : 
		On exit  : 
		Unchanged: 
 Data sizes:     COMRAM   BANK0   BANK1   BANK2   BANK3   BANK4   BANK5   BANK6   BANK7
      Params:         0       0       0       0       0       0       0       0       0
      Locals:         0      16       0       0       0       0       0       0       0
      Temps:          0       4       0       0       0       0       0       0       0
      Totals:         0      20       0       0       0       0       0       0       0
Total ram usage:       20 bytes
 Hardware stack levels required when called:    8
 This function calls:
		_ANGULO_SERVO
		_Abrir_Serial
		_BORRAR_LCD
		_CURSOR_ONOFF
		_LCD_CONFIG
		_TX_CHAR_EUSART
		_TX_MENSAJE_EUSART
		___awdiv
		___awmod
		___fladd
		___flmul
		___flsub
		___xxtofl
		_muestra_menu
		_valores
 This function is called by:
		Startup code after reset
 This function uses a non-reentrant model


 *************** function _valores *****************
 Defined at:
		line 43 in file "intento3.c"
 Parameters:    Size  Location     Type
		None
 Auto vars:     Size  Location     Type
		None
 Return value:  Size  Location     Type
                  1    wreg      void 
 Registers used:
		wreg, fsr2l, fsr2h, status,2, status,0, tblptrl, tblptrh, tblptru, cstack
 Tracked objects:
		On entry : 
		On exit  : 
		Unchanged: 
 Data sizes:     COMRAM   BANK0   BANK1   BANK2   BANK3   BANK4   BANK5   BANK6   BANK7
      Params:         0       0       0       0       0       0       0       0       0
      Locals:         0       0       0       0       0       0       0       0       0
      Temps:          2       0       0       0       0       0       0       0       0
      Totals:         2       0       0       0       0       0       0       0       0
Total ram usage:        2 bytes
 Hardware stack levels used:    1
 Hardware stack levels required when called:    7
 This function calls:
		_CURSOR_HOME
		_DHT11_CheckResponse
		_DHT11_ReadData
		_DHT11_init
		_ENVIA_CHAR
		_ESCRIBE_MENSAJE
		_POS_CURSOR
		___awdiv
		___awmod
 This function is called by:
		_main
 This function uses a non-reentrant model


 *************** function ___awmod *****************
 Defined at:
		line 7 in file "C:\Program Files (x86)\Microchip\xc8\v2.05\pic\sources\c99\common\awmod.c"
 Parameters:    Size  Location     Type
  dividend        2   11[COMRAM] int 
  divisor         2   13[COMRAM] int 
 Auto vars:     Size  Location     Type
  sign            1   16[COMRAM] unsigned char 
  counter         1   15[COMRAM] unsigned char 
 Return value:  Size  Location     Type
                  2   11[COMRAM] int 
 Registers used:
		wreg, status,2, status,0
 Tracked objects:
		On entry : 
		On exit  : 
		Unchanged: 
 Data sizes:     COMRAM   BANK0   BANK1   BANK2   BANK3   BANK4   BANK5   BANK6   BANK7
      Params:         4       0       0       0       0       0       0       0       0
      Locals:         2       0       0       0       0       0       0       0       0
      Temps:          0       0       0       0       0       0       0       0       0
      Totals:         6       0       0       0       0       0       0       0       0
Total ram usage:        6 bytes
 Hardware stack levels used:    1
 Hardware stack levels required when called:    4
 This function calls:
		Nothing
 This function is called by:
		_valores
		_main
 This function uses a non-reentrant model


 *************** function ___awdiv *****************
 Defined at:
		line 7 in file "C:\Program Files (x86)\Microchip\xc8\v2.05\pic\sources\c99\common\awdiv.c"
 Parameters:    Size  Location     Type
  dividend        2   11[COMRAM] int 
  divisor         2   13[COMRAM] int 
 Auto vars:     Size  Location     Type
  quotient        2   17[COMRAM] int 
  sign            1   16[COMRAM] unsigned char 
  counter         1   15[COMRAM] unsigned char 
 Return value:  Size  Location     Type
                  2   11[COMRAM] int 
 Registers used:
		wreg, status,2, status,0
 Tracked objects:
		On entry : 
		On exit  : 
		Unchanged: 
 Data sizes:     COMRAM   BANK0   BANK1   BANK2   BANK3   BANK4   BANK5   BANK6   BANK7
      Params:         4       0       0       0       0       0       0       0       0
      Locals:         4       0       0       0       0       0       0       0       0
      Temps:          0       0       0       0       0       0       0       0       0
      Totals:         8       0       0       0       0       0       0       0       0
Total ram usage:        8 bytes
 Hardware stack levels used:    1
 Hardware stack levels required when called:    4
 This function calls:
		Nothing
 This function is called by:
		_valores
		_main
 This function uses a non-reentrant model


 *************** function _POS_CURSOR *****************
 Defined at:
		line 6 in file "LCD.c"
 Parameters:    Size  Location     Type
  fila            1    wreg     unsigned char 
  columna         1   14[COMRAM] unsigned char 
 Auto vars:     Size  Location     Type
  fila            1   15[COMRAM] unsigned char 
 Return value:  Size  Location     Type
                  1    wreg      void 
 Registers used:
		wreg, status,2, status,0, cstack
 Tracked objects:
		On entry : 
		On exit  : 
		Unchanged: 
 Data sizes:     COMRAM   BANK0   BANK1   BANK2   BANK3   BANK4   BANK5   BANK6   BANK7
      Params:         1       0       0       0       0       0       0       0       0
      Locals:         1       0       0       0       0       0       0       0       0
      Temps:          0       0       0       0       0       0       0       0       0
      Totals:         2       0       0       0       0       0       0       0       0
Total ram usage:        2 bytes
 Hardware stack levels used:    1
 Hardware stack levels required when called:    6
 This function calls:
		_ENVIA_LCD_CMD
 This function is called by:
		_valores
 This function uses a non-reentrant model


 *************** function _ESCRIBE_MENSAJE *****************
 Defined at:
		line 41 in file "LCD.c"
 Parameters:    Size  Location     Type
  cadena          2   14[COMRAM] PTR const unsigned char 
		 -> STR_14(17), STR_13(17), STR_12(10), STR_11(10), 
  tam             1   16[COMRAM] unsigned char 
 Auto vars:     Size  Location     Type
  i               1   19[COMRAM] unsigned char 
 Return value:  Size  Location     Type
                  1    wreg      void 
 Registers used:
		wreg, status,2, status,0, tblptrl, tblptrh, tblptru, cstack
 Tracked objects:
		On entry : 
		On exit  : 
		Unchanged: 
 Data sizes:     COMRAM   BANK0   BANK1   BANK2   BANK3   BANK4   BANK5   BANK6   BANK7
      Params:         3       0       0       0       0       0       0       0       0
      Locals:         1       0       0       0       0       0       0       0       0
      Temps:          2       0       0       0       0       0       0       0       0
      Totals:         6       0       0       0       0       0       0       0       0
Total ram usage:        6 bytes
 Hardware stack levels used:    1
 Hardware stack levels required when called:    6
 This function calls:
		_ENVIA_CHAR
 This function is called by:
		_valores
 This function uses a non-reentrant model


 *************** function _ENVIA_CHAR *****************
 Defined at:
		line 50 in file "LCD.c"
 Parameters:    Size  Location     Type
  dato            1    wreg     unsigned char 
 Auto vars:     Size  Location     Type
  dato            1   12[COMRAM] unsigned char 
  aux             1   13[COMRAM] unsigned char 
 Return value:  Size  Location     Type
                  1    wreg      void 
 Registers used:
		wreg, status,2, status,0, cstack
 Tracked objects:
		On entry : 
		On exit  : 
		Unchanged: 
 Data sizes:     COMRAM   BANK0   BANK1   BANK2   BANK3   BANK4   BANK5   BANK6   BANK7
      Params:         0       0       0       0       0       0       0       0       0
      Locals:         2       0       0       0       0       0       0       0       0
      Temps:          0       0       0       0       0       0       0       0       0
      Totals:         2       0       0       0       0       0       0       0       0
Total ram usage:        2 bytes
 Hardware stack levels used:    1
 Hardware stack levels required when called:    5
 This function calls:
		_ENVIA_NIBBLE
		_LEER_LCD
 This function is called by:
		_ESCRIBE_MENSAJE
		_valores
		_GENERACARACTER
 This function uses a non-reentrant model


 *************** function _DHT11_init *****************
 Defined at:
		line 6 in file "./DHT11_libreria.h"
 Parameters:    Size  Location     Type
		None
 Auto vars:     Size  Location     Type
		None
 Return value:  Size  Location     Type
                  1    wreg      void 
 Registers used:
		wreg
 Tracked objects:
		On entry : 
		On exit  : 
		Unchanged: 
 Data sizes:     COMRAM   BANK0   BANK1   BANK2   BANK3   BANK4   BANK5   BANK6   BANK7
      Params:         0       0       0       0       0       0       0       0       0
      Locals:         0       0       0       0       0       0       0       0       0
      Temps:          2       0       0       0       0       0       0       0       0
      Totals:         2       0       0       0       0       0       0       0       0
Total ram usage:        2 bytes
 Hardware stack levels used:    1
 Hardware stack levels required when called:    4
 This function calls:
		Nothing
 This function is called by:
		_valores
 This function uses a non-reentrant model


 *************** function _DHT11_ReadData *****************
 Defined at:
		line 42 in file "./DHT11_libreria.h"
 Parameters:    Size  Location     Type
  hum             2   11[COMRAM] PTR int 
		 -> hum(2), 
  dhum            2   13[COMRAM] PTR int 
		 -> dhum(2), 
  temp            2   15[COMRAM] PTR int 
		 -> temp(2), 
  dtemp           2   17[COMRAM] PTR int 
		 -> dtemp(2), 
 Auto vars:     Size  Location     Type
  j               2   28[COMRAM] int 
  i               2   32[COMRAM] int 
  bits            5   23[COMRAM] unsigned char [5]
  data            2   34[COMRAM] int 
  cont_read       2   30[COMRAM] int 
 Return value:  Size  Location     Type
                  2   11[COMRAM] int 
 Registers used:
		wreg, fsr2l, fsr2h, status,2, status,0
 Tracked objects:
		On entry : 
		On exit  : 
		Unchanged: 
 Data sizes:     COMRAM   BANK0   BANK1   BANK2   BANK3   BANK4   BANK5   BANK6   BANK7
      Params:         8       0       0       0       0       0       0       0       0
      Locals:        13       0       0       0       0       0       0       0       0
      Temps:          4       0       0       0       0       0       0       0       0
      Totals:        25       0       0       0       0       0       0       0       0
Total ram usage:       25 bytes
 Hardware stack levels used:    1
 Hardware stack levels required when called:    4
 This function calls:
		Nothing
 This function is called by:
		_valores
 This function uses a non-reentrant model


 *************** function _DHT11_CheckResponse *****************
 Defined at:
		line 17 in file "./DHT11_libreria.h"
 Parameters:    Size  Location     Type
		None
 Auto vars:     Size  Location     Type
  cont            2   13[COMRAM] int 
 Return value:  Size  Location     Type
                  2   11[COMRAM] int 
 Registers used:
		wreg, status,2, status,0
 Tracked objects:
		On entry : 
		On exit  : 
		Unchanged: 
 Data sizes:     COMRAM   BANK0   BANK1   BANK2   BANK3   BANK4   BANK5   BANK6   BANK7
      Params:         2       0       0       0       0       0       0       0       0
      Locals:         2       0       0       0       0       0       0       0       0
      Temps:          0       0       0       0       0       0       0       0       0
      Totals:         4       0       0       0       0       0       0       0       0
Total ram usage:        4 bytes
 Hardware stack levels used:    1
 Hardware stack levels required when called:    4
 This function calls:
		Nothing
 This function is called by:
		_valores
 This function uses a non-reentrant model


 *************** function _CURSOR_HOME *****************
 Defined at:
		line 30 in file "LCD.c"
 Parameters:    Size  Location     Type
		None
 Auto vars:     Size  Location     Type
		None
 Return value:  Size  Location     Type
                  1    wreg      void 
 Registers used:
		wreg, status,2, status,0, cstack
 Tracked objects:
		On entry : 
		On exit  : 
		Unchanged: 
 Data sizes:     COMRAM   BANK0   BANK1   BANK2   BANK3   BANK4   BANK5   BANK6   BANK7
      Params:         0       0       0       0       0       0       0       0       0
      Locals:         0       0       0       0       0       0       0       0       0
      Temps:          0       0       0       0       0       0       0       0       0
      Totals:         0       0       0       0       0       0       0       0       0
Total ram usage:        0 bytes
 Hardware stack levels used:    1
 Hardware stack levels required when called:    6
 This function calls:
		_ENVIA_LCD_CMD
 This function is called by:
		_valores
 This function uses a non-reentrant model


 *************** function _muestra_menu *****************
 Defined at:
		line 30 in file "intento3.c"
 Parameters:    Size  Location     Type
		None
 Auto vars:     Size  Location     Type
		None
 Return value:  Size  Location     Type
                  1    wreg      void 
 Registers used:
		wreg, status,2, status,0, tblptrl, tblptrh, tblptru, cstack
 Tracked objects:
		On entry : 
		On exit  : 
		Unchanged: 
 Data sizes:     COMRAM   BANK0   BANK1   BANK2   BANK3   BANK4   BANK5   BANK6   BANK7
      Params:         0       0       0       0       0       0       0       0       0
      Locals:         0       0       0       0       0       0       0       0       0
      Temps:          0       0       0       0       0       0       0       0       0
      Totals:         0       0       0       0       0       0       0       0       0
Total ram usage:        0 bytes
 Hardware stack levels used:    1
 Hardware stack levels required when called:    6
 This function calls:
		_TX_MENSAJE_EUSART
 This function is called by:
		_main
 This function uses a non-reentrant model


 *************** function _TX_MENSAJE_EUSART *****************
 Defined at:
		line 25 in file "Serial.c"
 Parameters:    Size  Location     Type
  vector          2   12[COMRAM] PTR const unsigned char 
		 -> STR_24(37), STR_23(24), STR_22(37), STR_21(27), 
		 -> STR_20(37), STR_19(31), STR_18(37), STR_17(29), 
		 -> STR_16(37), STR_15(33), STR_10(21), STR_9(25), 
		 -> STR_8(39), STR_7(43), STR_6(41), STR_5(45), 
		 -> STR_4(21), STR_3(22), STR_2(21), STR_1(21), 
  pos             1   14[COMRAM] unsigned char 
 Auto vars:     Size  Location     Type
  i               1   17[COMRAM] unsigned char 
 Return value:  Size  Location     Type
                  1    wreg      void 
 Registers used:
		wreg, status,2, status,0, tblptrl, tblptrh, tblptru, cstack
 Tracked objects:
		On entry : 
		On exit  : 
		Unchanged: 
 Data sizes:     COMRAM   BANK0   BANK1   BANK2   BANK3   BANK4   BANK5   BANK6   BANK7
      Params:         3       0       0       0       0       0       0       0       0
      Locals:         1       0       0       0       0       0       0       0       0
      Temps:          2       0       0       0       0       0       0       0       0
      Totals:         6       0       0       0       0       0       0       0       0
Total ram usage:        6 bytes
 Hardware stack levels used:    1
 Hardware stack levels required when called:    5
 This function calls:
		_TX_CHAR_EUSART
 This function is called by:
		_muestra_menu
		_main
 This function uses a non-reentrant model


 *************** function _TX_CHAR_EUSART *****************
 Defined at:
		line 4 in file "Serial.c"
 Parameters:    Size  Location     Type
  num             1    wreg     unsigned char 
 Auto vars:     Size  Location     Type
  num             1   11[COMRAM] unsigned char 
 Return value:  Size  Location     Type
                  1    wreg      void 
 Registers used:
		wreg
 Tracked objects:
		On entry : 
		On exit  : 
		Unchanged: 
 Data sizes:     COMRAM   BANK0   BANK1   BANK2   BANK3   BANK4   BANK5   BANK6   BANK7
      Params:         0       0       0       0       0       0       0       0       0
      Locals:         1       0       0       0       0       0       0       0       0
      Temps:          0       0       0       0       0       0       0       0       0
      Totals:         1       0       0       0       0       0       0       0       0
Total ram usage:        1 bytes
 Hardware stack levels used:    1
 Hardware stack levels required when called:    4
 This function calls:
		Nothing
 This function is called by:
		_TX_MENSAJE_EUSART
		_main
 This function uses a non-reentrant model


 *************** function ___xxtofl *****************
 Defined at:
		line 10 in file "C:\Program Files (x86)\Microchip\xc8\v2.05\pic\sources\c99\common\xxtofl.c"
 Parameters:    Size  Location     Type
  sign            1    wreg     unsigned char 
  val             4   11[COMRAM] long 
 Auto vars:     Size  Location     Type
  sign            1   19[COMRAM] unsigned char 
  arg             4   21[COMRAM] unsigned long 
  exp             1   20[COMRAM] unsigned char 
 Return value:  Size  Location     Type
                  4   11[COMRAM] unsigned char 
 Registers used:
		wreg, status,2, status,0
 Tracked objects:
		On entry : 
		On exit  : 
		Unchanged: 
 Data sizes:     COMRAM   BANK0   BANK1   BANK2   BANK3   BANK4   BANK5   BANK6   BANK7
      Params:         4       0       0       0       0       0       0       0       0
      Locals:         6       0       0       0       0       0       0       0       0
      Temps:          4       0       0       0       0       0       0       0       0
      Totals:        14       0       0       0       0       0       0       0       0
Total ram usage:       14 bytes
 Hardware stack levels used:    1
 Hardware stack levels required when called:    4
 This function calls:
		Nothing
 This function is called by:
		_ANGULO_SERVO
		_main
 This function uses a non-reentrant model


 *************** function ___flsub *****************
 Defined at:
		line 245 in file "C:\Program Files (x86)\Microchip\xc8\v2.05\pic\sources\c99\common\sprcadd.c"
 Parameters:    Size  Location     Type
  b               4   21[BANK0 ] unsigned char 
  a               4   25[BANK0 ] unsigned char 
 Auto vars:     Size  Location     Type
		None
 Return value:  Size  Location     Type
                  4   21[BANK0 ] unsigned char 
 Registers used:
		wreg, status,2, status,0, cstack
 Tracked objects:
		On entry : 
		On exit  : 
		Unchanged: 
 Data sizes:     COMRAM   BANK0   BANK1   BANK2   BANK3   BANK4   BANK5   BANK6   BANK7
      Params:         0       8       0       0       0       0       0       0       0
      Locals:         0       0       0       0       0       0       0       0       0
      Temps:          0       0       0       0       0       0       0       0       0
      Totals:         0       8       0       0       0       0       0       0       0
Total ram usage:        8 bytes
 Hardware stack levels used:    1
 Hardware stack levels required when called:    5
 This function calls:
		___fladd
 This function is called by:
		_main
 This function uses a non-reentrant model


 *************** function _LCD_CONFIG *****************
 Defined at:
		line 72 in file "LCD.c"
 Parameters:    Size  Location     Type
		None
 Auto vars:     Size  Location     Type
		None
 Return value:  Size  Location     Type
                  1    wreg      void 
 Registers used:
		wreg, status,2, status,0, cstack
 Tracked objects:
		On entry : 
		On exit  : 
		Unchanged: 
 Data sizes:     COMRAM   BANK0   BANK1   BANK2   BANK3   BANK4   BANK5   BANK6   BANK7
      Params:         0       0       0       0       0       0       0       0       0
      Locals:         0       0       0       0       0       0       0       0       0
      Temps:          1       0       0       0       0       0       0       0       0
      Totals:         1       0       0       0       0       0       0       0       0
Total ram usage:        1 bytes
 Hardware stack levels used:    1
 Hardware stack levels required when called:    6
 This function calls:
		_ENVIA_LCD_CMD
		_ENVIA_NIBBLE
 This function is called by:
		_main
 This function uses a non-reentrant model


 *************** function _CURSOR_ONOFF *****************
 Defined at:
		line 35 in file "LCD.c"
 Parameters:    Size  Location     Type
  estado          1    wreg     unsigned char 
 Auto vars:     Size  Location     Type
  estado          1   14[COMRAM] unsigned char 
 Return value:  Size  Location     Type
                  1    wreg      void 
 Registers used:
		wreg, status,2, status,0, cstack
 Tracked objects:
		On entry : 
		On exit  : 
		Unchanged: 
 Data sizes:     COMRAM   BANK0   BANK1   BANK2   BANK3   BANK4   BANK5   BANK6   BANK7
      Params:         0       0       0       0       0       0       0       0       0
      Locals:         1       0       0       0       0       0       0       0       0
      Temps:          0       0       0       0       0       0       0       0       0
      Totals:         1       0       0       0       0       0       0       0       0
Total ram usage:        1 bytes
 Hardware stack levels used:    1
 Hardware stack levels required when called:    6
 This function calls:
		_ENVIA_LCD_CMD
 This function is called by:
		_main
 This function uses a non-reentrant model


 *************** function _BORRAR_LCD *****************
 Defined at:
		line 67 in file "LCD.c"
 Parameters:    Size  Location     Type
		None
 Auto vars:     Size  Location     Type
		None
 Return value:  Size  Location     Type
                  1    wreg      void 
 Registers used:
		wreg, status,2, status,0, cstack
 Tracked objects:
		On entry : 
		On exit  : 
		Unchanged: 
 Data sizes:     COMRAM   BANK0   BANK1   BANK2   BANK3   BANK4   BANK5   BANK6   BANK7
      Params:         0       0       0       0       0       0       0       0       0
      Locals:         0       0       0       0       0       0       0       0       0
      Temps:          0       0       0       0       0       0       0       0       0
      Totals:         0       0       0       0       0       0       0       0       0
Total ram usage:        0 bytes
 Hardware stack levels used:    1
 Hardware stack levels required when called:    6
 This function calls:
		_ENVIA_LCD_CMD
 This function is called by:
		_main
 This function uses a non-reentrant model


 *************** function _ENVIA_LCD_CMD *****************
 Defined at:
		line 104 in file "LCD.c"
 Parameters:    Size  Location     Type
  dato            1    wreg     unsigned char 
 Auto vars:     Size  Location     Type
  dato            1   12[COMRAM] unsigned char 
  aux             1   13[COMRAM] unsigned char 
 Return value:  Size  Location     Type
                  1    wreg      void 
 Registers used:
		wreg, status,2, status,0, cstack
 Tracked objects:
		On entry : 
		On exit  : 
		Unchanged: 
 Data sizes:     COMRAM   BANK0   BANK1   BANK2   BANK3   BANK4   BANK5   BANK6   BANK7
      Params:         0       0       0       0       0       0       0       0       0
      Locals:         2       0       0       0       0       0       0       0       0
      Temps:          0       0       0       0       0       0       0       0       0
      Totals:         2       0       0       0       0       0       0       0       0
Total ram usage:        2 bytes
 Hardware stack levels used:    1
 Hardware stack levels required when called:    5
 This function calls:
		_ENVIA_NIBBLE
		_LEER_LCD
 This function is called by:
		_POS_CURSOR
		_CURSOR_HOME
		_CURSOR_ONOFF
		_BORRAR_LCD
		_LCD_CONFIG
		_BLINK_CURSOR
		_DISPLAY_ONOFF
		_GENERACARACTER
 This function uses a non-reentrant model


 *************** function _LEER_LCD *****************
 Defined at:
		line 121 in file "LCD.c"
 Parameters:    Size  Location     Type
		None
 Auto vars:     Size  Location     Type
  aux             1   11[COMRAM] unsigned char 
 Return value:  Size  Location     Type
                  1    wreg      void 
 Registers used:
		wreg, status,2, status,0
 Tracked objects:
		On entry : 
		On exit  : 
		Unchanged: 
 Data sizes:     COMRAM   BANK0   BANK1   BANK2   BANK3   BANK4   BANK5   BANK6   BANK7
      Params:         0       0       0       0       0       0       0       0       0
      Locals:         1       0       0       0       0       0       0       0       0
      Temps:          0       0       0       0       0       0       0       0       0
      Totals:         1       0       0       0       0       0       0       0       0
Total ram usage:        1 bytes
 Hardware stack levels used:    1
 Hardware stack levels required when called:    4
 This function calls:
		Nothing
 This function is called by:
		_ENVIA_CHAR
		_ENVIA_LCD_CMD
 This function uses a non-reentrant model


 *************** function _ENVIA_NIBBLE *****************
 Defined at:
		line 93 in file "LCD.c"
 Parameters:    Size  Location     Type
  dato            1    wreg     unsigned char 
 Auto vars:     Size  Location     Type
  dato            1   11[COMRAM] unsigned char 
 Return value:  Size  Location     Type
                  1    wreg      void 
 Registers used:
		wreg, status,2, status,0
 Tracked objects:
		On entry : 
		On exit  : 
		Unchanged: 
 Data sizes:     COMRAM   BANK0   BANK1   BANK2   BANK3   BANK4   BANK5   BANK6   BANK7
      Params:         0       0       0       0       0       0       0       0       0
      Locals:         1       0       0       0       0       0       0       0       0
      Temps:          0       0       0       0       0       0       0       0       0
      Totals:         1       0       0       0       0       0       0       0       0
Total ram usage:        1 bytes
 Hardware stack levels used:    1
 Hardware stack levels required when called:    4
 This function calls:
		Nothing
 This function is called by:
		_ENVIA_CHAR
		_LCD_CONFIG
		_ENVIA_LCD_CMD
 This function uses a non-reentrant model


 *************** function _Abrir_Serial *****************
 Defined at:
		line 10 in file "Serial.c"
 Parameters:    Size  Location     Type
  velocidad       2   11[COMRAM] int 
 Auto vars:     Size  Location     Type
		None
 Return value:  Size  Location     Type
                  1    wreg      void 
 Registers used:
		wreg, status,2
 Tracked objects:
		On entry : 
		On exit  : 
		Unchanged: 
 Data sizes:     COMRAM   BANK0   BANK1   BANK2   BANK3   BANK4   BANK5   BANK6   BANK7
      Params:         2       0       0       0       0       0       0       0       0
      Locals:         0       0       0       0       0       0       0       0       0
      Temps:          0       0       0       0       0       0       0       0       0
      Totals:         2       0       0       0       0       0       0       0       0
Total ram usage:        2 bytes
 Hardware stack levels used:    1
 Hardware stack levels required when called:    4
 This function calls:
		Nothing
 This function is called by:
		_main
 This function uses a non-reentrant model


 *************** function _ANGULO_SERVO *****************
 Defined at:
		line 80 in file "intento3.c"
 Parameters:    Size  Location     Type
  grados          4   29[BANK0 ] float 
 Auto vars:     Size  Location     Type
  j               2   35[BANK0 ] unsigned int 
  i               2   33[BANK0 ] unsigned int 
 Return value:  Size  Location     Type
                  1    wreg      void 
 Registers used:
		wreg, status,2, status,0, prodl, prodh, cstack
 Tracked objects:
		On entry : 
		On exit  : 
		Unchanged: 
 Data sizes:     COMRAM   BANK0   BANK1   BANK2   BANK3   BANK4   BANK5   BANK6   BANK7
      Params:         0       4       0       0       0       0       0       0       0
      Locals:         0       4       0       0       0       0       0       0       0
      Temps:          0       0       0       0       0       0       0       0       0
      Totals:         0       8       0       0       0       0       0       0       0
Total ram usage:        8 bytes
 Hardware stack levels used:    1
 Hardware stack levels required when called:    5
 This function calls:
		___fladd
		___fldiv
		___flmul
		___fltol
 This function is called by:
		_main
 This function uses a non-reentrant model


 *************** function ___fltol *****************
 Defined at:
		line 43 in file "C:\Program Files (x86)\Microchip\xc8\v2.05\pic\sources\c99\common\fltol.c"
 Parameters:    Size  Location     Type
  f1              4   21[BANK0 ] void 
 Auto vars:     Size  Location     Type
  exp1            1   71[COMRAM] unsigned char 
  sign1           1   70[COMRAM] unsigned char 
 Return value:  Size  Location     Type
                  4   21[BANK0 ] long 
 Registers used:
		wreg, status,2, status,0
 Tracked objects:
		On entry : 
		On exit  : 
		Unchanged: 
 Data sizes:     COMRAM   BANK0   BANK1   BANK2   BANK3   BANK4   BANK5   BANK6   BANK7
      Params:         0       4       0       0       0       0       0       0       0
      Locals:         2       0       0       0       0       0       0       0       0
      Temps:          0       4       0       0       0       0       0       0       0
      Totals:         2       8       0       0       0       0       0       0       0
Total ram usage:       10 bytes
 Hardware stack levels used:    1
 Hardware stack levels required when called:    4
 This function calls:
		Nothing
 This function is called by:
		_ANGULO_SERVO
 This function uses a non-reentrant model


 *************** function ___flmul *****************
 Defined at:
		line 8 in file "C:\Program Files (x86)\Microchip\xc8\v2.05\pic\sources\c99\common\sprcmul.c"
 Parameters:    Size  Location     Type
  b               4   25[COMRAM] long 
  a               4   29[COMRAM] long 
 Auto vars:     Size  Location     Type
  prod            4   44[COMRAM] struct .
  grs             4   38[COMRAM] unsigned long 
  temp            2   48[COMRAM] struct .
  bexp            1   43[COMRAM] unsigned char 
  aexp            1   42[COMRAM] unsigned char 
  sign            1   37[COMRAM] unsigned char 
 Return value:  Size  Location     Type
                  4   25[COMRAM] unsigned char 
 Registers used:
		wreg, status,2, status,0, prodl, prodh
 Tracked objects:
		On entry : 
		On exit  : 
		Unchanged: 
 Data sizes:     COMRAM   BANK0   BANK1   BANK2   BANK3   BANK4   BANK5   BANK6   BANK7
      Params:         8       0       0       0       0       0       0       0       0
      Locals:        13       0       0       0       0       0       0       0       0
      Temps:          4       0       0       0       0       0       0       0       0
      Totals:        25       0       0       0       0       0       0       0       0
Total ram usage:       25 bytes
 Hardware stack levels used:    1
 Hardware stack levels required when called:    4
 This function calls:
		Nothing
 This function is called by:
		_ANGULO_SERVO
		_main
 This function uses a non-reentrant model


 *************** function ___fldiv *****************
 Defined at:
		line 11 in file "C:\Program Files (x86)\Microchip\xc8\v2.05\pic\sources\c99\common\sprcdiv.c"
 Parameters:    Size  Location     Type
  b               4   50[COMRAM] unsigned char 
  a               4   54[COMRAM] unsigned char 
 Auto vars:     Size  Location     Type
  grs             4    7[BANK0 ] unsigned long 
  rem             4    0[BANK0 ] unsigned long 
  new_exp         2    5[BANK0 ] short 
  aexp            1   12[BANK0 ] unsigned char 
  bexp            1   11[BANK0 ] unsigned char 
  sign            1    4[BANK0 ] unsigned char 
 Return value:  Size  Location     Type
                  4   50[COMRAM] unsigned char 
 Registers used:
		wreg, status,2, status,0
 Tracked objects:
		On entry : 
		On exit  : 
		Unchanged: 
 Data sizes:     COMRAM   BANK0   BANK1   BANK2   BANK3   BANK4   BANK5   BANK6   BANK7
      Params:         8       0       0       0       0       0       0       0       0
      Locals:         0      13       0       0       0       0       0       0       0
      Temps:          4       0       0       0       0       0       0       0       0
      Totals:        12      13       0       0       0       0       0       0       0
Total ram usage:       25 bytes
 Hardware stack levels used:    1
 Hardware stack levels required when called:    4
 This function calls:
		Nothing
 This function is called by:
		_ANGULO_SERVO
 This function uses a non-reentrant model


 *************** function ___fladd *****************
 Defined at:
		line 10 in file "C:\Program Files (x86)\Microchip\xc8\v2.05\pic\sources\c99\common\sprcadd.c"
 Parameters:    Size  Location     Type
  b               4   62[COMRAM] unsigned char 
  a               4   66[COMRAM] unsigned char 
 Auto vars:     Size  Location     Type
  grs             1   20[BANK0 ] unsigned char 
  bexp            1   19[BANK0 ] unsigned char 
  aexp            1   18[BANK0 ] unsigned char 
  signs           1   17[BANK0 ] unsigned char 
 Return value:  Size  Location     Type
                  4   62[COMRAM] unsigned char 
 Registers used:
		wreg, status,2, status,0
 Tracked objects:
		On entry : 
		On exit  : 
		Unchanged: 
 Data sizes:     COMRAM   BANK0   BANK1   BANK2   BANK3   BANK4   BANK5   BANK6   BANK7
      Params:         8       0       0       0       0       0       0       0       0
      Locals:         0       4       0       0       0       0       0       0       0
      Temps:          0       4       0       0       0       0       0       0       0
      Totals:         8       8       0       0       0       0       0       0       0
Total ram usage:       16 bytes
 Hardware stack levels used:    1
 Hardware stack levels required when called:    4
 This function calls:
		Nothing
 This function is called by:
		_ANGULO_SERVO
		_main
		___flsub
 This function uses a non-reentrant model


 *************** function _interrupcion *****************
 Defined at:
		line 164 in file "intento3.c"
 Parameters:    Size  Location     Type
		None
 Auto vars:     Size  Location     Type
		None
 Return value:  Size  Location     Type
                  1    wreg      void 
 Registers used:
		wreg, status,2, status,0, tblptrl, tblptrh, tblptru, cstack
 Tracked objects:
		On entry : 
		On exit  : 
		Unchanged: 
 Data sizes:     COMRAM   BANK0   BANK1   BANK2   BANK3   BANK4   BANK5   BANK6   BANK7
      Params:         0       0       0       0       0       0       0       0       0
      Locals:         0       0       0       0       0       0       0       0       0
      Temps:          4       0       0       0       0       0       0       0       0
      Totals:         4       0       0       0       0       0       0       0       0
Total ram usage:        4 bytes
 Hardware stack levels used:    1
 Hardware stack levels required when called:    3
 This function calls:
		i2_TX_CHAR_EUSART
		i2_TX_MENSAJE_EUSART
		i2_muestra_menu
 This function is called by:
		Interrupt level 2
 This function uses a non-reentrant model


 *************** function i2_muestra_menu *****************
 Defined at:
		line 30 in file "intento3.c"
 Parameters:    Size  Location     Type
		None
 Auto vars:     Size  Location     Type
		None
 Return value:  Size  Location     Type
                  1    wreg      void 
 Registers used:
		wreg, status,2, status,0, tblptrl, tblptrh, tblptru, cstack
 Tracked objects:
		On entry : 
		On exit  : 
		Unchanged: 
 Data sizes:     COMRAM   BANK0   BANK1   BANK2   BANK3   BANK4   BANK5   BANK6   BANK7
      Params:         0       0       0       0       0       0       0       0       0
      Locals:         0       0       0       0       0       0       0       0       0
      Temps:          0       0       0       0       0       0       0       0       0
      Totals:         0       0       0       0       0       0       0       0       0
Total ram usage:        0 bytes
 Hardware stack levels used:    1
 Hardware stack levels required when called:    2
 This function calls:
		i2_TX_MENSAJE_EUSART
 This function is called by:
		_interrupcion
 This function uses a non-reentrant model


 *************** function i2_TX_MENSAJE_EUSART *****************
 Defined at:
		line 25 in file "Serial.c"
 Parameters:    Size  Location     Type
  vector          2    1[COMRAM] PTR const unsigned char 
		 -> STR_24(37), STR_23(24), STR_22(37), STR_21(27), 
		 -> STR_20(37), STR_19(31), STR_18(37), STR_17(29), 
		 -> STR_16(37), STR_15(33), STR_10(21), STR_9(25), 
		 -> STR_8(39), STR_7(43), STR_6(41), STR_5(45), 
		 -> STR_4(21), STR_3(22), STR_2(21), STR_1(21), 
  pos             1    3[COMRAM] unsigned char 
 Auto vars:     Size  Location     Type
  TX_MENSAJE_E    1    6[COMRAM] unsigned char 
 Return value:  Size  Location     Type
                  1    wreg      void 
 Registers used:
		wreg, status,2, status,0, tblptrl, tblptrh, tblptru, cstack
 Tracked objects:
		On entry : 
		On exit  : 
		Unchanged: 
 Data sizes:     COMRAM   BANK0   BANK1   BANK2   BANK3   BANK4   BANK5   BANK6   BANK7
      Params:         3       0       0       0       0       0       0       0       0
      Locals:         1       0       0       0       0       0       0       0       0
      Temps:          2       0       0       0       0       0       0       0       0
      Totals:         6       0       0       0       0       0       0       0       0
Total ram usage:        6 bytes
 Hardware stack levels used:    1
 Hardware stack levels required when called:    1
 This function calls:
		i2_TX_CHAR_EUSART
 This function is called by:
		_interrupcion
		i2_muestra_menu
 This function uses a non-reentrant model


 *************** function i2_TX_CHAR_EUSART *****************
 Defined at:
		line 4 in file "Serial.c"
 Parameters:    Size  Location     Type
  num             1    wreg     unsigned char 
 Auto vars:     Size  Location     Type
  num             1    0[COMRAM] unsigned char 
 Return value:  Size  Location     Type
                  1    wreg      void 
 Registers used:
		wreg
 Tracked objects:
		On entry : 
		On exit  : 
		Unchanged: 
 Data sizes:     COMRAM   BANK0   BANK1   BANK2   BANK3   BANK4   BANK5   BANK6   BANK7
      Params:         0       0       0       0       0       0       0       0       0
      Locals:         1       0       0       0       0       0       0       0       0
      Temps:          0       0       0       0       0       0       0       0       0
      Totals:         1       0       0       0       0       0       0       0       0
Total ram usage:        1 bytes
 Hardware stack levels used:    1
 This function calls:
		Nothing
 This function is called by:
		_interrupcion
		i2_TX_MENSAJE_EUSART
 This function uses a non-reentrant model



MODULE INFORMATION

Module		Function		Class		Link	Load	Size
C:\Program Files (x86)\Microchip\xc8\v2.05\pic\sources\c99\common\awmod.c
		___awmod       		CODE           	1538	0000	113

C:\Program Files (x86)\Microchip\xc8\v2.05\pic\sources\c99\common\awmod.c estimated size: 113

intento3.c
		_valores       		CODE           	0C9C	0000	375
		_main          		CODE           	0012	0000	929
		_ANGULO_SERVO  		CODE           	11D0	0000	229
		_interrupcion  		CODE           	0008	0000	303
		_muestra_menu  		CODE           	1370	0000	163

intento3.c estimated size: 1999

./DHT11_libreria.h
		_DHT11_init    		CODE           	1864	0000	39
		_DHT11_CheckResponse		CODE           	15A8	0000	111
		_DHT11_ReadData		CODE           	0E12	0000	343

./DHT11_libreria.h estimated size: 493

C:\Program Files (x86)\Microchip\xc8\v2.05\pic\sources\c99\common\xxtofl.c
		___xxtofl      		CODE           	0F68	0000	321

C:\Program Files (x86)\Microchip\xc8\v2.05\pic\sources\c99\common\xxtofl.c estimated size: 321

Serial.c
		_TX_CHAR_EUSART		CODE           	1902	0000	13
		_TX_MENSAJE_EUSART		CODE           	1800	0000	51
		_Abrir_Serial  		CODE           	18E6	0000	29

Serial.c estimated size: 93

C:\Program Files (x86)\Microchip\xc8\v2.05\pic\sources\c99\common\awdiv.c
		___awdiv       		CODE           	14B4	0000	133

C:\Program Files (x86)\Microchip\xc8\v2.05\pic\sources\c99\common\awdiv.c estimated size: 133

C:\Program Files (x86)\Microchip\xc8\v2.05\pic\sources\c99\common\fltol.c
		___fltol       		CODE           	12B4	0000	189

C:\Program Files (x86)\Microchip\xc8\v2.05\pic\sources\c99\common\fltol.c estimated size: 189

C:\Program Files (x86)\Microchip\xc8\v2.05\pic\sources\c99\common\sprcmul.c
		___flmul       		CODE           	03B2	0000	851

C:\Program Files (x86)\Microchip\xc8\v2.05\pic\sources\c99\common\sprcmul.c estimated size: 851

C:\Program Files (x86)\Microchip\xc8\v2.05\pic\sources\c99\common\sprcdiv.c
		___fldiv       		CODE           	0A12	0000	651

C:\Program Files (x86)\Microchip\xc8\v2.05\pic\sources\c99\common\sprcdiv.c estimated size: 651

shared
		i2_TX_MENSAJE_EUSART		CODE           	1832	0000	51
		i2_muestra_menu		CODE           	1412	0000	163
		__initialization		CODE           	1720	0000	57
		i2_TX_CHAR_EUSART		CODE           	190E	0000	13

shared estimated size: 284

C:\Program Files (x86)\Microchip\xc8\v2.05\pic\sources\c99\common\sprcadd.c
		___flsub       		CODE           	16D8	0000	73
		___fladd       		CODE           	0704	0000	783

C:\Program Files (x86)\Microchip\xc8\v2.05\pic\sources\c99\common\sprcadd.c estimated size: 856

LCD.c
		_ENVIA_NIBBLE  		CODE           	18CA	0000	29
		_ENVIA_CHAR    		CODE           	1766	0000	53
		_CURSOR_HOME   		CODE           	191A	0000	9
		_CURSOR_ONOFF  		CODE           	18AE	0000	29
		_POS_CURSOR    		CODE           	188A	0000	37
		_ESCRIBE_MENSAJE		CODE           	17CE	0000	51
		_ENVIA_LCD_CMD 		CODE           	179A	0000	53
		_LCD_CONFIG    		CODE           	1678	0000	97
		_BORRAR_LCD    		CODE           	1922	0000	9
		_LEER_LCD      		CODE           	1616	0000	99

LCD.c estimated size: 466

