MPLINK 5.09, LINKER
Linker Map File - Created Wed Jul 17 13:15:54 2019

                                 Section Info
                  Section       Type    Address   Location Size(Bytes)
                ---------  ---------  ---------  ---------  ---------
                   .org_0       code   0x000000    program   0x000004
                   .cinit    romdata   0x000004    program   0x000002
                   .org_1       code   0x000020    program   0x00001a
.config_300001_BUILD/DEFAULT/PRODUCTION/CANCHIT    romdata   0x300001    program   0x000001
.config_300002_BUILD/DEFAULT/PRODUCTION/CANCHIT    romdata   0x300002    program   0x000001
.config_300003_BUILD/DEFAULT/PRODUCTION/CANCHIT    romdata   0x300003    program   0x000001
.config_300005_BUILD/DEFAULT/PRODUCTION/CANCHIT    romdata   0x300005    program   0x000001
.config_300006_BUILD/DEFAULT/PRODUCTION/CANCHIT    romdata   0x300006    program   0x000001



                              Program Memory Usage 
                               Start         End      
                           ---------   ---------      
                            0x000000    0x000005      
                            0x000020    0x000039      
                            0x300001    0x300003      
                            0x300005    0x300006      
            37 out of 33048 program addresses used, program memory utilization is 0%



                              Symbols - Sorted by Name
                     Name    Address   Location    Storage File                     
                ---------  ---------  ---------  --------- ---------                
                    FALSO   0x00002e    program     static C:\Users\GONZALO\MPLABXProjects\keke.X\canchita.asm
                 PREGUNTA   0x000024    program     static C:\Users\GONZALO\MPLABXProjects\keke.X\canchita.asm
                   VERDAD   0x000034    program     static C:\Users\GONZALO\MPLABXProjects\keke.X\canchita.asm
                   inicio   0x000020    program     static C:\Users\GONZALO\MPLABXProjects\keke.X\canchita.asm



                              Symbols - Sorted by Address
                     Name    Address   Location    Storage File                     
                ---------  ---------  ---------  --------- ---------                
                   inicio   0x000020    program     static C:\Users\GONZALO\MPLABXProjects\keke.X\canchita.asm
                 PREGUNTA   0x000024    program     static C:\Users\GONZALO\MPLABXProjects\keke.X\canchita.asm
                    FALSO   0x00002e    program     static C:\Users\GONZALO\MPLABXProjects\keke.X\canchita.asm
                   VERDAD   0x000034    program     static C:\Users\GONZALO\MPLABXProjects\keke.X\canchita.asm


