MPLINK 5.09, LINKER
Linker Map File - Created Thu Mar 28 16:15:20 2019

                                 Section Info
                  Section       Type    Address   Location Size(Bytes)
                ---------  ---------  ---------  ---------  ---------
                   .org_0       code   0x000000    program   0x000004
                   .cinit    romdata   0x000004    program   0x000002
                   .org_1       code   0x000020    program   0x000042
.config_300001_BUILD/DEFAULT/PRODUCTION/NEWPLAN    romdata   0x300001    program   0x000001
.config_300002_BUILD/DEFAULT/PRODUCTION/NEWPLAN    romdata   0x300002    program   0x000001
.config_300003_BUILD/DEFAULT/PRODUCTION/NEWPLAN    romdata   0x300003    program   0x000001
.config_300005_BUILD/DEFAULT/PRODUCTION/NEWPLAN    romdata   0x300005    program   0x000001
.config_300006_BUILD/DEFAULT/PRODUCTION/NEWPLAN    romdata   0x300006    program   0x000001



                              Program Memory Usage 
                               Start         End      
                           ---------   ---------      
                            0x000000    0x000005      
                            0x000020    0x000061      
                            0x300001    0x300003      
                            0x300005    0x300006      
            77 out of 33048 program addresses used, program memory utilization is 0%



                              Symbols - Sorted by Name
                     Name    Address   Location    Storage File                     
                ---------  ---------  ---------  --------- ---------                
                   falsa1   0x00002e    program     static C:\Users\GONZALO\MPLABXProjects\xor_3.X\newplantilla.asm
                   falsa2   0x000042    program     static C:\Users\GONZALO\MPLABXProjects\xor_3.X\newplantilla.asm
                   inicio   0x000020    program     static C:\Users\GONZALO\MPLABXProjects\xor_3.X\newplantilla.asm
                pregunta1   0x000024    program     static C:\Users\GONZALO\MPLABXProjects\xor_3.X\newplantilla.asm
                  verdad1   0x000038    program     static C:\Users\GONZALO\MPLABXProjects\xor_3.X\newplantilla.asm
                  verdad2   0x00004c    program     static C:\Users\GONZALO\MPLABXProjects\xor_3.X\newplantilla.asm
                     xor0   0x00005c    program     static C:\Users\GONZALO\MPLABXProjects\xor_3.X\newplantilla.asm
                     xor1   0x000056    program     static C:\Users\GONZALO\MPLABXProjects\xor_3.X\newplantilla.asm



                              Symbols - Sorted by Address
                     Name    Address   Location    Storage File                     
                ---------  ---------  ---------  --------- ---------                
                   inicio   0x000020    program     static C:\Users\GONZALO\MPLABXProjects\xor_3.X\newplantilla.asm
                pregunta1   0x000024    program     static C:\Users\GONZALO\MPLABXProjects\xor_3.X\newplantilla.asm
                   falsa1   0x00002e    program     static C:\Users\GONZALO\MPLABXProjects\xor_3.X\newplantilla.asm
                  verdad1   0x000038    program     static C:\Users\GONZALO\MPLABXProjects\xor_3.X\newplantilla.asm
                   falsa2   0x000042    program     static C:\Users\GONZALO\MPLABXProjects\xor_3.X\newplantilla.asm
                  verdad2   0x00004c    program     static C:\Users\GONZALO\MPLABXProjects\xor_3.X\newplantilla.asm
                     xor1   0x000056    program     static C:\Users\GONZALO\MPLABXProjects\xor_3.X\newplantilla.asm
                     xor0   0x00005c    program     static C:\Users\GONZALO\MPLABXProjects\xor_3.X\newplantilla.asm


