Microchip MPLAB XC8 Compiler V2.05 ()

Linker command line:

-W-3 --edf=C:\Program Files (x86)\Microchip\xc8\v2.05\pic\dat\en_msgs.txt \
  -cs -h+dist/default/production\Lab_3_calificado.X.production.sym \
  --cmf=dist/default/production\Lab_3_calificado.X.production.cmf -z \
  -Q18F4550 -oC:\Users\GONZALO\AppData\Local\Temp\s4sg.2 \
  --defsym=__MPLAB_BUILD=1 \
  -Mdist/default/production/Lab_3_calificado.X.production.map -E1 -ver=XC8 \
  --acfsm=1493 -ASTACK=060h-07FFh -pstack=STACK -ACODE=00h-07FFFh \
  -ACONST=00h-07FFFh -ASMALLCONST=0800h-08FFhx120 \
  -AMEDIUMCONST=0800h-07FFFh -ACOMRAM=01h-05Fh -AABS1=00h-07FFh \
  -ABIGRAM=01h-07FFh -ARAM=060h-0FFh,0100h-01FFhx7 -ABANK0=060h-0FFh \
  -ABANK1=0100h-01FFh -ABANK2=0200h-02FFh -ABANK3=0300h-03FFh \
  -ABANK4=0400h-04FFh -ABANK5=0500h-05FFh -ABANK6=0600h-06FFh \
  -ABANK7=0700h-07FFh -ASFR=0F60h-0FFFh \
  -preset_vec=00h,intcode=08h,intcodelo=018h,powerup,init -pramtop=0800h \
  -psmallconst=SMALLCONST -pmediumconst=MEDIUMCONST -pconst=CONST \
  -AFARRAM=00h-00h -ACONFIG=0300000h-030000Dh -pconfig=CONFIG \
  -AIDLOC=0200000h-0200007h -pidloc=IDLOC -AEEDATA=0F00000h-0F000FFh \
  -peeprom_data=EEDATA \
  -prdata=COMRAM,nvrram=COMRAM,nvbit=COMRAM,rbss=COMRAM,rbit=COMRAM \
  -pfarbss=FARRAM,fardata=FARRAM,nvFARRAM=FARRAM \
  -pintsave_regs=BIGRAM,bigbss=BIGRAM,bigdata=BIGRAM -pbss=RAM \
  -pidata=CODE,irdata=CODE,ibigdata=CODE,ifardata=CODE -prparam=COMRAM \
  C:\Users\GONZALO\AppData\Local\Temp\s4sg.o \
  dist/default/production\Lab_3_calificado.X.production.o 

Object code version is 3.11

Machine type is 18F4550

Call graph: (short form)




                Name                               Link     Load   Length Selector   Space Scale
C:\Users\GONZALO\AppData\Local\Temp\s4sg.o
                init                                 5E       5E        4        C       0
                reset_vec                             0        0        4        0       0
                idloc                            200000   200000        8   200000       0
                config                           300000   300000        E   300000       0
dist/default/production\Lab_3_calificado.X.production.o
                intcodelo                            18       18       46        C       0
                intcode                               8        8        6        4       0
                temp                                 1B       1B        1        1       1
                smallconst                          800      800       28      400       0
                intcode_body                        D6C      D6C       56      414       0
                text15                              F4E      F4E       1C      414       0
                text14                              CAA      CAA       62      414       0
                text13                              E8A      E8A       34      414       0
                text12                              F6A      F6A        8      414       0
                text11                              F32      F32       1C      414       0
                text10                              D0C      D0C       60      414       0
                text9                               BB6      BB6       84      414       0
                text8                               C3A      C3A       70      414       0
                text7                               E56      E56       34      414       0
                text6                               EBE      EBE       32      414       0
                text5                               EF0      EF0       24      414       0
                text4                               DC2      DC2       52      414       0
                text3                               E14      E14       42      414       0
                text2                               AF4      AF4       C2      414       0
                text1                               A1E      A1E       D6      414       0
                text0                               828      828      1F6      414       0
                cstackCOMRAM                          1        1       12        1       1
                bssCOMRAM                            13       13        8        1       1
                cinit                               F14      F14       1E      414       0

TOTAL           Name                               Link     Load   Length     Space
        CLASS   STACK          

        CLASS   CODE           
                intcodelo                            18       18       46         0
                intcode                               8        8        6         0
                init                                 5E       5E        4         0
                reset_vec                             0        0        4         0
                intcode_body                        D6C      D6C       56         0
                text15                              F4E      F4E       1C         0
                text14                              CAA      CAA       62         0
                text13                              E8A      E8A       34         0
                text12                              F6A      F6A        8         0
                text11                              F32      F32       1C         0
                text10                              D0C      D0C       60         0
                text9                               BB6      BB6       84         0
                text8                               C3A      C3A       70         0
                text7                               E56      E56       34         0
                text6                               EBE      EBE       32         0
                text5                               EF0      EF0       24         0
                text4                               DC2      DC2       52         0
                text3                               E14      E14       42         0
                text2                               AF4      AF4       C2         0
                text1                               A1E      A1E       D6         0
                text0                               828      828      1F6         0
                cinit                               F14      F14       1E         0

        CLASS   CONST          

        CLASS   SMALLCONST     
                smallconst                          800      800       28         0

        CLASS   MEDIUMCONST    

        CLASS   COMRAM         
                temp                                 1B       1B        1         1
                cstackCOMRAM                          1        1       12         1
                bssCOMRAM                            13       13        8         1

        CLASS   ABS1           

        CLASS   BIGRAM         

        CLASS   RAM            

        CLASS   BANK0          

        CLASS   BANK1          

        CLASS   BANK2          

        CLASS   BANK3          

        CLASS   BANK4          

        CLASS   BANK5          

        CLASS   BANK6          

        CLASS   BANK7          

        CLASS   SFR            

        CLASS   FARRAM         

        CLASS   CONFIG         
                config                           300000   300000        E         0

        CLASS   IDLOC          
                idloc                            200000   200000        8         0

        CLASS   EEDATA         



SEGMENTS        Name                           Load    Length   Top    Selector   Space  Class

                reset_vec                      000000  000004  000004         0       0  CODE    
                cstackCOMRAM                   000001  00001B  00001C         1       1  COMRAM  
                intcode                        000008  000006  00000E         4       0  CODE    
                intcodelo                      000018  00004A  000062         C       0  CODE    
                smallconst                     000800  000028  000828       400       0  SMALLCON
                text0                          000828  00074A  000F72       414       0  CODE    
                idloc                          200000  000008  200008    200000       0  IDLOC   
                config                         300000  00000E  30000E    300000       0  CONFIG  


UNUSED ADDRESS RANGES

        Name                Unused          Largest block    Delta
        BANK0            000060-0000FF               A0
        BANK1            000100-0001FF              100
        BANK2            000200-0002FF              100
        BANK3            000300-0003FF              100
        BANK4            000400-0004FF              100
        BANK5            000500-0005FF              100
        BANK6            000600-0006FF              100
        BANK7            000700-0007FF              100
        BIGRAM           00001C-0007FF              7E4
        CODE             000004-000007                4
                         00000E-000017                A
                         000062-0007FF              79E
                         000F72-007FFF             708E
        COMRAM           00001C-00005F               44
        CONST            000004-000007                4
                         00000E-000017                A
                         000062-0007FF              79E
                         000F72-007FFF             708E
        EEDATA           F00000-F000FF              100
        MEDIUMCONST      000F72-007FFF             708E
        RAM              000060-0007FF              100
        SFR              000F60-000FFF               A0
        SMALLCONST       000F72-007FFF              100
        STACK            000060-0007FF              7A0

                                  Symbol Table

?___awdiv                      cstackCOMRAM 000005
?___awmod                      cstackCOMRAM 000005
?___lwdiv                      cstackCOMRAM 00000A
?___lwmod                      cstackCOMRAM 000005
CURSOR_ONOFF@estado            cstackCOMRAM 000008
ENVIA_CHAR@aux                 cstackCOMRAM 000007
ENVIA_CHAR@dato                cstackCOMRAM 000006
ENVIA_LCD_CMD@aux              cstackCOMRAM 000007
ENVIA_LCD_CMD@dato             cstackCOMRAM 000006
ENVIA_NIBBLE@dato              cstackCOMRAM 000005
ESCRIBE_MENSAJE@cadena         cstackCOMRAM 000008
ESCRIBE_MENSAJE@i              cstackCOMRAM 00000D
ESCRIBE_MENSAJE@tam            cstackCOMRAM 00000A
LEER_LCD@aux                   cstackCOMRAM 000005
POS_CURSOR@columna             cstackCOMRAM 000008
POS_CURSOR@fila                cstackCOMRAM 000009
_BORRAR_LCD                    text12       000F6A
_CCP1CON                       (abs)        000FBD
_CCPR1H                        (abs)        000FBF
_CCPR1L                        (abs)        000FBE
_CURSOR_ONOFF                  text11       000F32
_ENVIA_CHAR                    text7        000E56
_ENVIA_LCD_CMD                 text13       000E8A
_ENVIA_NIBBLE                  text15       000F4E
_ESCRIBE_MENSAJE               text6        000EBE
_INTCON2bits                   (abs)        000FF1
_INTCON3bits                   (abs)        000FF0
_INTCONbits                    (abs)        000FF2
_IPR1bits                      (abs)        000F9F
_LATBbits                      (abs)        000F8A
_LATD                          (abs)        000F8C
_LATDbits                      (abs)        000F8C
_LCD_CONFIG                    text10       000D0C
_LEER_LCD                      text14       000CAA
_PIE1bits                      (abs)        000F9D
_PIR1bits                      (abs)        000F9E
_PORTD                         (abs)        000F83
_POS_CURSOR                    text5        000EF0
_RCONbits                      (abs)        000FD0
_T1CON                         (abs)        000FCD
_T1CONbits                     (abs)        000FCD
_TMR1H                         (abs)        000FCF
_TMR1L                         (abs)        000FCE
_TRISBbits                     (abs)        000F93
_TRISD                         (abs)        000F95
__CFG_BOR$OFF                  (abs)        000000
__CFG_CCP2MX$ON                (abs)        000000
__CFG_CPUDIV$OSC1_PLL2         (abs)        000000
__CFG_FOSC$XTPLL_XT            (abs)        000000
__CFG_LVP$OFF                  (abs)        000000
__CFG_MCLRE$ON                 (abs)        000000
__CFG_PBADEN$OFF               (abs)        000000
__CFG_PLLDIV$1                 (abs)        000000
__CFG_PWRT$ON                  (abs)        000000
__CFG_WDT$OFF                  (abs)        000000
__HRAM                         (abs)        000000
__Habs1                        abs1         000000
__Hbank0                       bank0        000000
__Hbank1                       bank1        000000
__Hbank2                       bank2        000000
__Hbank3                       bank3        000000
__Hbank4                       bank4        000000
__Hbank5                       bank5        000000
__Hbank6                       bank6        000000
__Hbank7                       bank7        000000
__Hbigbss                      bigbss       000000
__Hbigdata                     bigdata      000000
__Hbigram                      bigram       000000
__Hbss                         bss          000000
__HbssCOMRAM                   bssCOMRAM    000000
__Hcinit                       cinit        000000
__Hclrtext                     clrtext      000000
__Hcomram                      comram       000000
__Hconfig                      config       30000E
__Hconst                       const        000000
__HcstackCOMRAM                cstackCOMRAM 000000
__Hdata                        data         000000
__Heeprom_data                 eeprom_data  000000
__Hfarbss                      farbss       000000
__Hfardata                     fardata      000000
__Hibigdata                    ibigdata     000000
__Hidata                       idata        000000
__Hidloc                       idloc        200008
__Hifardata                    ifardata     000000
__Hinit                        init         000062
__Hintcode                     intcode      00000E
__Hintcode_body                intcode_body 000000
__Hintcodelo                   intcodelo    00005E
__Hintentry                    intentry     000000
__Hintret                      intret       000000
__Hintsave_regs                intsave_regs 000000
__Hirdata                      irdata       000000
__Hmediumconst                 mediumconst  000000
__HnvFARRAM                    nvFARRAM     000000
__Hnvbit                       nvbit        000000
__Hnvrram                      nvrram       000000
__Hparam                       rparam       000000
__Hpowerup                     powerup      00005E
__Hram                         ram          000000
__Hramtop                      ramtop       000800
__Hrbit                        rbit         000000
__Hrbss                        rbss         000000
__Hrdata                       rdata        000000
__Hreset_vec                   reset_vec    000004
__Hrparam                      rparam       000000
__Hsfr                         sfr          000000
__Hsmallconst                  smallconst   000828
__Hspace_0                     (abs)        30000E
__Hspace_1                     (abs)        00001C
__Hspace_2                     (abs)        000000
__Hstack                       stack        000000
__Hstruct                      struct       000000
__Htemp                        temp         00001C
__Htext                        text         000000
__Htext0                       text0        000000
__Htext1                       text1        000000
__Htext10                      text10       000000
__Htext11                      text11       000000
__Htext12                      text12       000000
__Htext13                      text13       000000
__Htext14                      text14       000000
__Htext15                      text15       000000
__Htext2                       text2        000000
__Htext3                       text3        000000
__Htext4                       text4        000000
__Htext5                       text5        000000
__Htext6                       text6        000000
__Htext7                       text7        000000
__Htext8                       text8        000000
__Htext9                       text9        000000
__LRAM                         (abs)        000001
__Labs1                        abs1         000000
__Lbank0                       bank0        000000
__Lbank1                       bank1        000000
__Lbank2                       bank2        000000
__Lbank3                       bank3        000000
__Lbank4                       bank4        000000
__Lbank5                       bank5        000000
__Lbank6                       bank6        000000
__Lbank7                       bank7        000000
__Lbigbss                      bigbss       000000
__Lbigdata                     bigdata      000000
__Lbigram                      bigram       000000
__Lbss                         bss          000000
__LbssCOMRAM                   bssCOMRAM    000000
__Lcinit                       cinit        000000
__Lclrtext                     clrtext      000000
__Lcomram                      comram       000000
__Lconfig                      config       300000
__Lconst                       const        000000
__LcstackCOMRAM                cstackCOMRAM 000000
__Ldata                        data         000000
__Leeprom_data                 eeprom_data  000000
__Lfarbss                      farbss       000000
__Lfardata                     fardata      000000
__Libigdata                    ibigdata     000000
__Lidata                       idata        000000
__Lidloc                       idloc        200000
__Lifardata                    ifardata     000000
__Linit                        init         00005E
__Lintcode                     intcode      000008
__Lintcode_body                intcode_body 000000
__Lintcodelo                   intcodelo    000018
__Lintentry                    intentry     000000
__Lintret                      intret       000000
__Lintsave_regs                intsave_regs 000000
__Lirdata                      irdata       000000
__Lmediumconst                 mediumconst  000000
__LnvFARRAM                    nvFARRAM     000000
__Lnvbit                       nvbit        000000
__Lnvrram                      nvrram       000000
__Lparam                       rparam       000000
__Lpowerup                     powerup      00005E
__Lram                         ram          000000
__Lramtop                      ramtop       000800
__Lrbit                        rbit         000000
__Lrbss                        rbss         000000
__Lrdata                       rdata        000000
__Lreset_vec                   reset_vec    000000
__Lrparam                      rparam       000000
__Lsfr                         sfr          000000
__Lsmallconst                  smallconst   000800
__Lspace_0                     (abs)        000000
__Lspace_1                     (abs)        000000
__Lspace_2                     (abs)        000000
__Lstack                       stack        000000
__Lstruct                      struct       000000
__Ltemp                        temp         00001B
__Ltext                        text         000000
__Ltext0                       text0        000000
__Ltext1                       text1        000000
__Ltext10                      text10       000000
__Ltext11                      text11       000000
__Ltext12                      text12       000000
__Ltext13                      text13       000000
__Ltext14                      text14       000000
__Ltext15                      text15       000000
__Ltext2                       text2        000000
__Ltext3                       text3        000000
__Ltext4                       text4        000000
__Ltext5                       text5        000000
__Ltext6                       text6        000000
__Ltext7                       text7        000000
__Ltext8                       text8        000000
__Ltext9                       text9        000000
__S0                           (abs)        30000E
__S1                           (abs)        00001C
__S2                           (abs)        000000
___awdiv                       text9        000BB6
___awdiv@counter               cstackCOMRAM 000009
___awdiv@dividend              cstackCOMRAM 000005
___awdiv@divisor               cstackCOMRAM 000007
___awdiv@quotient              cstackCOMRAM 00000B
___awdiv@sign                  cstackCOMRAM 00000A
___awmod                       text8        000C3A
___awmod@counter               cstackCOMRAM 000009
___awmod@dividend              cstackCOMRAM 000005
___awmod@divisor               cstackCOMRAM 000007
___awmod@sign                  cstackCOMRAM 00000A
___inthi_sp                    stack        000000
___intlo_sp                    stack        000000
___lwdiv                       text4        000DC2
___lwdiv@counter               cstackCOMRAM 000010
___lwdiv@dividend              cstackCOMRAM 00000A
___lwdiv@divisor               cstackCOMRAM 00000C
___lwdiv@quotient              cstackCOMRAM 00000E
___lwmod                       text3        000E14
___lwmod@counter               cstackCOMRAM 000009
___lwmod@dividend              cstackCOMRAM 000005
___lwmod@divisor               cstackCOMRAM 000007
___param_bank                  (abs)        000000
___rparam_used                 (abs)        000001
___sp                          stack        000000
__accesstop                    (abs)        000060
__activetblptr                 (abs)        000001
__end_of_BORRAR_LCD            text12       000F72
__end_of_CURSOR_ONOFF          text11       000F4E
__end_of_ENVIA_CHAR            text7        000E8A
__end_of_ENVIA_LCD_CMD         text13       000EBE
__end_of_ENVIA_NIBBLE          text15       000F6A
__end_of_ESCRIBE_MENSAJE       text6        000EF0
__end_of_LCD_CONFIG            text10       000D6C
__end_of_LEER_LCD              text14       000D0C
__end_of_POS_CURSOR            text5        000F14
__end_of___awdiv               text9        000C3A
__end_of___awmod               text8        000CAA
__end_of___lwdiv               text4        000E14
__end_of___lwmod               text3        000E56
__end_of__initialization       cinit        000F20
__end_of_contador_de_campanas  text2        000BB6
__end_of_elboton               intcodelo    00005E
__end_of_elcomparador          intcode_body 000DC2
__end_of_main                  text0        000A1E
__end_of_mover                 text1        000AF4
__initialization               cinit        000F14
__mediumconst                  mediumconst  000000
__pbssCOMRAM                   bssCOMRAM    000013
__pcinit                       cinit        000F14
__pcstackCOMRAM                cstackCOMRAM 000001
__pintcode                     intcode      000008
__pintcode_body                intcode_body 000D6C
__pintcodelo                   intcodelo    000018
__psmallconst                  smallconst   000800
__ptext0                       text0        000828
__ptext1                       text1        000A1E
__ptext10                      text10       000D0C
__ptext11                      text11       000F32
__ptext12                      text12       000F6A
__ptext13                      text13       000E8A
__ptext14                      text14       000CAA
__ptext15                      text15       000F4E
__ptext2                       text2        000AF4
__ptext3                       text3        000E14
__ptext4                       text4        000DC2
__ptext5                       text5        000EF0
__ptext6                       text6        000EBE
__ptext7                       text7        000E56
__ptext8                       text8        000C3A
__ptext9                       text9        000BB6
__ramtop                       ramtop       000800
__size_of_BORRAR_LCD           (abs)        000000
__size_of_CURSOR_ONOFF         (abs)        000000
__size_of_ENVIA_CHAR           (abs)        000000
__size_of_ENVIA_LCD_CMD        (abs)        000000
__size_of_ENVIA_NIBBLE         (abs)        000000
__size_of_ESCRIBE_MENSAJE      (abs)        000000
__size_of_LCD_CONFIG           (abs)        000000
__size_of_LEER_LCD             (abs)        000000
__size_of_POS_CURSOR           (abs)        000000
__size_of___awdiv              (abs)        000000
__size_of___awmod              (abs)        000000
__size_of___lwdiv              (abs)        000000
__size_of___lwmod              (abs)        000000
__size_of_contador_de_campanas (abs)        000000
__size_of_elboton              (abs)        000000
__size_of_elcomparador         (abs)        000000
__size_of_main                 (abs)        000000
__size_of_mover                (abs)        000000
__smallconst                   smallconst   000800
_campana                       bssCOMRAM    000013
_cent                          bssCOMRAM    000015
_contador_de_campanas          text2        000AF4
_elboton                       intcodelo    000018
_elcomparador                  intcode      000008
_main                          text0        000828
_min                           bssCOMRAM    00001A
_mover                         text1        000A1E
_pasa                          bssCOMRAM    000018
_pulsa                         bssCOMRAM    000017
_seg                           bssCOMRAM    000019
btemp                          temp         00001B
end_of_initialization          cinit        000F20
int$flags                      temp         00001B
int_func                       intcode_body 000D6C
intlevel0                      text         000000
intlevel1                      text         000000
intlevel2                      text         000000
intlevel3                      text         000000
mover@j                        cstackCOMRAM 000008
mover@j_600                    cstackCOMRAM 00000A
mover@w                        cstackCOMRAM 00000C
stackhi                        (abs)        0007FF
stacklo                        (abs)        000060
start                          init         00005E
start_initialization           cinit        000F14
ttemp5                         temp         00001C
ttemp6                         temp         00001F
ttemp7                         temp         000023
wtemp8                         temp         00001C


FUNCTION INFORMATION:

 *************** function _main *****************
 Defined at:
		line 58 in file "intento con servo.c"
 Parameters:    Size  Location     Type
		None
 Auto vars:     Size  Location     Type
		None
 Return value:  Size  Location     Type
                  1    wreg      void 
 Registers used:
		wreg, status,2, status,0, tblptrl, tblptrh, tblptru, cstack
 Tracked objects:
		On entry : 
		On exit  : 
		Unchanged: 
 Data sizes:     COMRAM   BANK0   BANK1   BANK2   BANK3   BANK4   BANK5   BANK6   BANK7
      Params:         0       0       0       0       0       0       0       0       0
      Locals:         0       0       0       0       0       0       0       0       0
      Temps:          2       0       0       0       0       0       0       0       0
      Totals:         2       0       0       0       0       0       0       0       0
Total ram usage:        2 bytes
 Hardware stack levels required when called:    6
 This function calls:
		_BORRAR_LCD
		_CURSOR_ONOFF
		_ENVIA_CHAR
		_ESCRIBE_MENSAJE
		_LCD_CONFIG
		_POS_CURSOR
		___awdiv
		___awmod
		___lwdiv
		___lwmod
		_contador_de_campanas
		_mover
 This function is called by:
		Startup code after reset
 This function uses a non-reentrant model


 *************** function _mover *****************
 Defined at:
		line 22 in file "intento con servo.c"
 Parameters:    Size  Location     Type
		None
 Auto vars:     Size  Location     Type
  j               2    9[COMRAM] int 
  j               2    7[COMRAM] int 
  w               1   11[COMRAM] unsigned char 
 Return value:  Size  Location     Type
                  1    wreg      void 
 Registers used:
		wreg, status,2, status,0
 Tracked objects:
		On entry : 
		On exit  : 
		Unchanged: 
 Data sizes:     COMRAM   BANK0   BANK1   BANK2   BANK3   BANK4   BANK5   BANK6   BANK7
      Params:         0       0       0       0       0       0       0       0       0
      Locals:         5       0       0       0       0       0       0       0       0
      Temps:          3       0       0       0       0       0       0       0       0
      Totals:         8       0       0       0       0       0       0       0       0
Total ram usage:        8 bytes
 Hardware stack levels used:    1
 Hardware stack levels required when called:    2
 This function calls:
		Nothing
 This function is called by:
		_main
 This function uses a non-reentrant model


 *************** function _contador_de_campanas *****************
 Defined at:
		line 41 in file "intento con servo.c"
 Parameters:    Size  Location     Type
		None
 Auto vars:     Size  Location     Type
		None
 Return value:  Size  Location     Type
                  1    wreg      void 
 Registers used:
		wreg, status,2, status,0, tblptrl, tblptrh, tblptru, cstack
 Tracked objects:
		On entry : 
		On exit  : 
		Unchanged: 
 Data sizes:     COMRAM   BANK0   BANK1   BANK2   BANK3   BANK4   BANK5   BANK6   BANK7
      Params:         0       0       0       0       0       0       0       0       0
      Locals:         0       0       0       0       0       0       0       0       0
      Temps:          0       0       0       0       0       0       0       0       0
      Totals:         0       0       0       0       0       0       0       0       0
Total ram usage:        0 bytes
 Hardware stack levels used:    1
 Hardware stack levels required when called:    5
 This function calls:
		_ENVIA_CHAR
		_ESCRIBE_MENSAJE
		_POS_CURSOR
		___lwdiv
		___lwmod
 This function is called by:
		_main
 This function uses a non-reentrant model


 *************** function ___lwmod *****************
 Defined at:
		line 7 in file "C:\Program Files (x86)\Microchip\xc8\v2.05\pic\sources\c99\common\lwmod.c"
 Parameters:    Size  Location     Type
  dividend        2    4[COMRAM] unsigned int 
  divisor         2    6[COMRAM] unsigned int 
 Auto vars:     Size  Location     Type
  counter         1    8[COMRAM] unsigned char 
 Return value:  Size  Location     Type
                  2    4[COMRAM] unsigned int 
 Registers used:
		wreg, status,2, status,0
 Tracked objects:
		On entry : 
		On exit  : 
		Unchanged: 
 Data sizes:     COMRAM   BANK0   BANK1   BANK2   BANK3   BANK4   BANK5   BANK6   BANK7
      Params:         4       0       0       0       0       0       0       0       0
      Locals:         1       0       0       0       0       0       0       0       0
      Temps:          0       0       0       0       0       0       0       0       0
      Totals:         5       0       0       0       0       0       0       0       0
Total ram usage:        5 bytes
 Hardware stack levels used:    1
 Hardware stack levels required when called:    2
 This function calls:
		Nothing
 This function is called by:
		_contador_de_campanas
		_main
 This function uses a non-reentrant model


 *************** function ___lwdiv *****************
 Defined at:
		line 7 in file "C:\Program Files (x86)\Microchip\xc8\v2.05\pic\sources\c99\common\lwdiv.c"
 Parameters:    Size  Location     Type
  dividend        2    9[COMRAM] unsigned int 
  divisor         2   11[COMRAM] unsigned int 
 Auto vars:     Size  Location     Type
  quotient        2   13[COMRAM] unsigned int 
  counter         1   15[COMRAM] unsigned char 
 Return value:  Size  Location     Type
                  2    9[COMRAM] unsigned int 
 Registers used:
		wreg, status,2, status,0
 Tracked objects:
		On entry : 
		On exit  : 
		Unchanged: 
 Data sizes:     COMRAM   BANK0   BANK1   BANK2   BANK3   BANK4   BANK5   BANK6   BANK7
      Params:         4       0       0       0       0       0       0       0       0
      Locals:         3       0       0       0       0       0       0       0       0
      Temps:          0       0       0       0       0       0       0       0       0
      Totals:         7       0       0       0       0       0       0       0       0
Total ram usage:        7 bytes
 Hardware stack levels used:    1
 Hardware stack levels required when called:    2
 This function calls:
		Nothing
 This function is called by:
		_contador_de_campanas
		_main
 This function uses a non-reentrant model


 *************** function _POS_CURSOR *****************
 Defined at:
		line 6 in file "LCD.c"
 Parameters:    Size  Location     Type
  fila            1    wreg     unsigned char 
  columna         1    7[COMRAM] unsigned char 
 Auto vars:     Size  Location     Type
  fila            1    8[COMRAM] unsigned char 
 Return value:  Size  Location     Type
                  1    wreg      void 
 Registers used:
		wreg, status,2, status,0, cstack
 Tracked objects:
		On entry : 
		On exit  : 
		Unchanged: 
 Data sizes:     COMRAM   BANK0   BANK1   BANK2   BANK3   BANK4   BANK5   BANK6   BANK7
      Params:         1       0       0       0       0       0       0       0       0
      Locals:         1       0       0       0       0       0       0       0       0
      Temps:          0       0       0       0       0       0       0       0       0
      Totals:         2       0       0       0       0       0       0       0       0
Total ram usage:        2 bytes
 Hardware stack levels used:    1
 Hardware stack levels required when called:    4
 This function calls:
		_ENVIA_LCD_CMD
 This function is called by:
		_contador_de_campanas
		_main
 This function uses a non-reentrant model


 *************** function _ESCRIBE_MENSAJE *****************
 Defined at:
		line 41 in file "LCD.c"
 Parameters:    Size  Location     Type
  cadena          2    7[COMRAM] PTR const unsigned char 
		 -> STR_4(15), STR_3(7), STR_2(12), STR_1(15), 
  tam             1    9[COMRAM] unsigned char 
 Auto vars:     Size  Location     Type
  i               1   12[COMRAM] unsigned char 
 Return value:  Size  Location     Type
                  1    wreg      void 
 Registers used:
		wreg, status,2, status,0, tblptrl, tblptrh, tblptru, cstack
 Tracked objects:
		On entry : 
		On exit  : 
		Unchanged: 
 Data sizes:     COMRAM   BANK0   BANK1   BANK2   BANK3   BANK4   BANK5   BANK6   BANK7
      Params:         3       0       0       0       0       0       0       0       0
      Locals:         1       0       0       0       0       0       0       0       0
      Temps:          2       0       0       0       0       0       0       0       0
      Totals:         6       0       0       0       0       0       0       0       0
Total ram usage:        6 bytes
 Hardware stack levels used:    1
 Hardware stack levels required when called:    4
 This function calls:
		_ENVIA_CHAR
 This function is called by:
		_contador_de_campanas
		_main
 This function uses a non-reentrant model


 *************** function _ENVIA_CHAR *****************
 Defined at:
		line 50 in file "LCD.c"
 Parameters:    Size  Location     Type
  dato            1    wreg     unsigned char 
 Auto vars:     Size  Location     Type
  dato            1    5[COMRAM] unsigned char 
  aux             1    6[COMRAM] unsigned char 
 Return value:  Size  Location     Type
                  1    wreg      void 
 Registers used:
		wreg, status,2, status,0, cstack
 Tracked objects:
		On entry : 
		On exit  : 
		Unchanged: 
 Data sizes:     COMRAM   BANK0   BANK1   BANK2   BANK3   BANK4   BANK5   BANK6   BANK7
      Params:         0       0       0       0       0       0       0       0       0
      Locals:         2       0       0       0       0       0       0       0       0
      Temps:          0       0       0       0       0       0       0       0       0
      Totals:         2       0       0       0       0       0       0       0       0
Total ram usage:        2 bytes
 Hardware stack levels used:    1
 Hardware stack levels required when called:    3
 This function calls:
		_ENVIA_NIBBLE
		_LEER_LCD
 This function is called by:
		_ESCRIBE_MENSAJE
		_contador_de_campanas
		_main
		_GENERACARACTER
 This function uses a non-reentrant model


 *************** function ___awmod *****************
 Defined at:
		line 7 in file "C:\Program Files (x86)\Microchip\xc8\v2.05\pic\sources\c99\common\awmod.c"
 Parameters:    Size  Location     Type
  dividend        2    4[COMRAM] int 
  divisor         2    6[COMRAM] int 
 Auto vars:     Size  Location     Type
  sign            1    9[COMRAM] unsigned char 
  counter         1    8[COMRAM] unsigned char 
 Return value:  Size  Location     Type
                  2    4[COMRAM] int 
 Registers used:
		wreg, status,2, status,0
 Tracked objects:
		On entry : 
		On exit  : 
		Unchanged: 
 Data sizes:     COMRAM   BANK0   BANK1   BANK2   BANK3   BANK4   BANK5   BANK6   BANK7
      Params:         4       0       0       0       0       0       0       0       0
      Locals:         2       0       0       0       0       0       0       0       0
      Temps:          0       0       0       0       0       0       0       0       0
      Totals:         6       0       0       0       0       0       0       0       0
Total ram usage:        6 bytes
 Hardware stack levels used:    1
 Hardware stack levels required when called:    2
 This function calls:
		Nothing
 This function is called by:
		_main
 This function uses a non-reentrant model


 *************** function ___awdiv *****************
 Defined at:
		line 7 in file "C:\Program Files (x86)\Microchip\xc8\v2.05\pic\sources\c99\common\awdiv.c"
 Parameters:    Size  Location     Type
  dividend        2    4[COMRAM] int 
  divisor         2    6[COMRAM] int 
 Auto vars:     Size  Location     Type
  quotient        2   10[COMRAM] int 
  sign            1    9[COMRAM] unsigned char 
  counter         1    8[COMRAM] unsigned char 
 Return value:  Size  Location     Type
                  2    4[COMRAM] int 
 Registers used:
		wreg, status,2, status,0
 Tracked objects:
		On entry : 
		On exit  : 
		Unchanged: 
 Data sizes:     COMRAM   BANK0   BANK1   BANK2   BANK3   BANK4   BANK5   BANK6   BANK7
      Params:         4       0       0       0       0       0       0       0       0
      Locals:         4       0       0       0       0       0       0       0       0
      Temps:          0       0       0       0       0       0       0       0       0
      Totals:         8       0       0       0       0       0       0       0       0
Total ram usage:        8 bytes
 Hardware stack levels used:    1
 Hardware stack levels required when called:    2
 This function calls:
		Nothing
 This function is called by:
		_main
 This function uses a non-reentrant model


 *************** function _LCD_CONFIG *****************
 Defined at:
		line 72 in file "LCD.c"
 Parameters:    Size  Location     Type
		None
 Auto vars:     Size  Location     Type
		None
 Return value:  Size  Location     Type
                  1    wreg      void 
 Registers used:
		wreg, status,2, status,0, cstack
 Tracked objects:
		On entry : 
		On exit  : 
		Unchanged: 
 Data sizes:     COMRAM   BANK0   BANK1   BANK2   BANK3   BANK4   BANK5   BANK6   BANK7
      Params:         0       0       0       0       0       0       0       0       0
      Locals:         0       0       0       0       0       0       0       0       0
      Temps:          1       0       0       0       0       0       0       0       0
      Totals:         1       0       0       0       0       0       0       0       0
Total ram usage:        1 bytes
 Hardware stack levels used:    1
 Hardware stack levels required when called:    4
 This function calls:
		_ENVIA_LCD_CMD
		_ENVIA_NIBBLE
 This function is called by:
		_main
 This function uses a non-reentrant model


 *************** function _CURSOR_ONOFF *****************
 Defined at:
		line 35 in file "LCD.c"
 Parameters:    Size  Location     Type
  estado          1    wreg     unsigned char 
 Auto vars:     Size  Location     Type
  estado          1    7[COMRAM] unsigned char 
 Return value:  Size  Location     Type
                  1    wreg      void 
 Registers used:
		wreg, status,2, status,0, cstack
 Tracked objects:
		On entry : 
		On exit  : 
		Unchanged: 
 Data sizes:     COMRAM   BANK0   BANK1   BANK2   BANK3   BANK4   BANK5   BANK6   BANK7
      Params:         0       0       0       0       0       0       0       0       0
      Locals:         1       0       0       0       0       0       0       0       0
      Temps:          0       0       0       0       0       0       0       0       0
      Totals:         1       0       0       0       0       0       0       0       0
Total ram usage:        1 bytes
 Hardware stack levels used:    1
 Hardware stack levels required when called:    4
 This function calls:
		_ENVIA_LCD_CMD
 This function is called by:
		_main
 This function uses a non-reentrant model


 *************** function _BORRAR_LCD *****************
 Defined at:
		line 67 in file "LCD.c"
 Parameters:    Size  Location     Type
		None
 Auto vars:     Size  Location     Type
		None
 Return value:  Size  Location     Type
                  1    wreg      void 
 Registers used:
		wreg, status,2, status,0, cstack
 Tracked objects:
		On entry : 
		On exit  : 
		Unchanged: 
 Data sizes:     COMRAM   BANK0   BANK1   BANK2   BANK3   BANK4   BANK5   BANK6   BANK7
      Params:         0       0       0       0       0       0       0       0       0
      Locals:         0       0       0       0       0       0       0       0       0
      Temps:          0       0       0       0       0       0       0       0       0
      Totals:         0       0       0       0       0       0       0       0       0
Total ram usage:        0 bytes
 Hardware stack levels used:    1
 Hardware stack levels required when called:    4
 This function calls:
		_ENVIA_LCD_CMD
 This function is called by:
		_main
 This function uses a non-reentrant model


 *************** function _ENVIA_LCD_CMD *****************
 Defined at:
		line 104 in file "LCD.c"
 Parameters:    Size  Location     Type
  dato            1    wreg     unsigned char 
 Auto vars:     Size  Location     Type
  dato            1    5[COMRAM] unsigned char 
  aux             1    6[COMRAM] unsigned char 
 Return value:  Size  Location     Type
                  1    wreg      void 
 Registers used:
		wreg, status,2, status,0, cstack
 Tracked objects:
		On entry : 
		On exit  : 
		Unchanged: 
 Data sizes:     COMRAM   BANK0   BANK1   BANK2   BANK3   BANK4   BANK5   BANK6   BANK7
      Params:         0       0       0       0       0       0       0       0       0
      Locals:         2       0       0       0       0       0       0       0       0
      Temps:          0       0       0       0       0       0       0       0       0
      Totals:         2       0       0       0       0       0       0       0       0
Total ram usage:        2 bytes
 Hardware stack levels used:    1
 Hardware stack levels required when called:    3
 This function calls:
		_ENVIA_NIBBLE
		_LEER_LCD
 This function is called by:
		_POS_CURSOR
		_CURSOR_ONOFF
		_BORRAR_LCD
		_LCD_CONFIG
		_BLINK_CURSOR
		_DISPLAY_ONOFF
		_CURSOR_HOME
		_GENERACARACTER
 This function uses a non-reentrant model


 *************** function _LEER_LCD *****************
 Defined at:
		line 121 in file "LCD.c"
 Parameters:    Size  Location     Type
		None
 Auto vars:     Size  Location     Type
  aux             1    4[COMRAM] unsigned char 
 Return value:  Size  Location     Type
                  1    wreg      void 
 Registers used:
		wreg, status,2, status,0
 Tracked objects:
		On entry : 
		On exit  : 
		Unchanged: 
 Data sizes:     COMRAM   BANK0   BANK1   BANK2   BANK3   BANK4   BANK5   BANK6   BANK7
      Params:         0       0       0       0       0       0       0       0       0
      Locals:         1       0       0       0       0       0       0       0       0
      Temps:          0       0       0       0       0       0       0       0       0
      Totals:         1       0       0       0       0       0       0       0       0
Total ram usage:        1 bytes
 Hardware stack levels used:    1
 Hardware stack levels required when called:    2
 This function calls:
		Nothing
 This function is called by:
		_ENVIA_CHAR
		_ENVIA_LCD_CMD
 This function uses a non-reentrant model


 *************** function _ENVIA_NIBBLE *****************
 Defined at:
		line 93 in file "LCD.c"
 Parameters:    Size  Location     Type
  dato            1    wreg     unsigned char 
 Auto vars:     Size  Location     Type
  dato            1    4[COMRAM] unsigned char 
 Return value:  Size  Location     Type
                  1    wreg      void 
 Registers used:
		wreg, status,2, status,0
 Tracked objects:
		On entry : 
		On exit  : 
		Unchanged: 
 Data sizes:     COMRAM   BANK0   BANK1   BANK2   BANK3   BANK4   BANK5   BANK6   BANK7
      Params:         0       0       0       0       0       0       0       0       0
      Locals:         1       0       0       0       0       0       0       0       0
      Temps:          0       0       0       0       0       0       0       0       0
      Totals:         1       0       0       0       0       0       0       0       0
Total ram usage:        1 bytes
 Hardware stack levels used:    1
 Hardware stack levels required when called:    2
 This function calls:
		Nothing
 This function is called by:
		_ENVIA_CHAR
		_LCD_CONFIG
		_ENVIA_LCD_CMD
 This function uses a non-reentrant model


 *************** function _elboton *****************
 Defined at:
		line 137 in file "intento con servo.c"
 Parameters:    Size  Location     Type
		None
 Auto vars:     Size  Location     Type
		None
 Return value:  Size  Location     Type
                  1    wreg      void 
 Registers used:
		wreg, status,2, status,0
 Tracked objects:
		On entry : 
		On exit  : 
		Unchanged: 
 Data sizes:     COMRAM   BANK0   BANK1   BANK2   BANK3   BANK4   BANK5   BANK6   BANK7
      Params:         0       0       0       0       0       0       0       0       0
      Locals:         0       0       0       0       0       0       0       0       0
      Temps:          4       0       0       0       0       0       0       0       0
      Totals:         4       0       0       0       0       0       0       0       0
Total ram usage:        4 bytes
 Hardware stack levels used:    1
 Hardware stack levels required when called:    1
 This function calls:
		Nothing
 This function is called by:
		Interrupt level 1
 This function uses a non-reentrant model


 *************** function _elcomparador *****************
 Defined at:
		line 129 in file "intento con servo.c"
 Parameters:    Size  Location     Type
		None
 Auto vars:     Size  Location     Type
		None
 Return value:  Size  Location     Type
                  1    wreg      void 
 Registers used:
		wreg, status,2, status,0
 Tracked objects:
		On entry : 
		On exit  : 
		Unchanged: 
 Data sizes:     COMRAM   BANK0   BANK1   BANK2   BANK3   BANK4   BANK5   BANK6   BANK7
      Params:         0       0       0       0       0       0       0       0       0
      Locals:         0       0       0       0       0       0       0       0       0
      Temps:          0       0       0       0       0       0       0       0       0
      Totals:         0       0       0       0       0       0       0       0       0
Total ram usage:        0 bytes
 Hardware stack levels used:    1
 This function calls:
		Nothing
 This function is called by:
		Interrupt level 2
 This function uses a non-reentrant model



MODULE INFORMATION

Module		Function		Class		Link	Load	Size
C:\Program Files (x86)\Microchip\xc8\v2.05\pic\sources\c99\common\lwmod.c
		___lwmod       		CODE           	0E14	0000	67

C:\Program Files (x86)\Microchip\xc8\v2.05\pic\sources\c99\common\lwmod.c estimated size: 67

C:\Program Files (x86)\Microchip\xc8\v2.05\pic\sources\c99\common\awmod.c
		___awmod       		CODE           	0C3A	0000	113

C:\Program Files (x86)\Microchip\xc8\v2.05\pic\sources\c99\common\awmod.c estimated size: 113

C:\Program Files (x86)\Microchip\xc8\v2.05\pic\sources\c99\common\lwdiv.c
		___lwdiv       		CODE           	0DC2	0000	83

C:\Program Files (x86)\Microchip\xc8\v2.05\pic\sources\c99\common\lwdiv.c estimated size: 83

C:\Program Files (x86)\Microchip\xc8\v2.05\pic\sources\c99\common\awdiv.c
		___awdiv       		CODE           	0BB6	0000	133

C:\Program Files (x86)\Microchip\xc8\v2.05\pic\sources\c99\common\awdiv.c estimated size: 133

intento con servo.c
		_elboton       		CODE           	0018	0000	71
		_contador_de_campanas		CODE           	0AF4	0000	195
		_main          		CODE           	0828	0000	503
		_elcomparador  		CODE           	0008	0000	93
		_mover         		CODE           	0A1E	0000	215

intento con servo.c estimated size: 1077

shared
		__initialization		CODE           	0F14	0000	13

shared estimated size: 13

LCD.c
		_ENVIA_NIBBLE  		CODE           	0F4E	0000	29
		_ENVIA_CHAR    		CODE           	0E56	0000	53
		_CURSOR_ONOFF  		CODE           	0F32	0000	29
		_POS_CURSOR    		CODE           	0EF0	0000	37
		_ESCRIBE_MENSAJE		CODE           	0EBE	0000	51
		_ENVIA_LCD_CMD 		CODE           	0E8A	0000	53
		_LCD_CONFIG    		CODE           	0D0C	0000	97
		_BORRAR_LCD    		CODE           	0F6A	0000	9
		_LEER_LCD      		CODE           	0CAA	0000	99

LCD.c estimated size: 457

