Microchip MPLAB XC8 Compiler V2.05 ()

Linker command line:

-W-3 --edf=C:\Program Files (x86)\Microchip\xc8\v2.05\pic\dat\en_msgs.txt \
  -cs -h+dist/default/production\semana_13.X.production.sym \
  --cmf=dist/default/production\semana_13.X.production.cmf -z -Q18F4550 \
  -oC:\Users\GONZALO\AppData\Local\Temp\sblo.2 --defsym=__MPLAB_BUILD=1 \
  -Mdist/default/production/semana_13.X.production.map -E1 -ver=XC8 \
  --acfsm=1493 -ASTACK=071h-07FFh -pstack=STACK -ACODE=00h-07FFFh \
  -ACONST=00h-07FFFh -ASMALLCONST=0800h-08FFhx120 \
  -AMEDIUMCONST=0800h-07FFFh -ACOMRAM=01h-05Fh -AABS1=00h-07FFh \
  -ABIGRAM=01h-07FFh -ARAM=060h-0FFh,0100h-01FFhx7 -ABANK0=060h-0FFh \
  -ABANK1=0100h-01FFh -ABANK2=0200h-02FFh -ABANK3=0300h-03FFh \
  -ABANK4=0400h-04FFh -ABANK5=0500h-05FFh -ABANK6=0600h-06FFh \
  -ABANK7=0700h-07FFh -ASFR=0F60h-0FFFh \
  -preset_vec=00h,intcode,intcodelo,powerup,init -pramtop=0800h \
  -psmallconst=SMALLCONST -pmediumconst=MEDIUMCONST -pconst=CONST \
  -AFARRAM=00h-00h -ACONFIG=0300000h-030000Dh -pconfig=CONFIG \
  -AIDLOC=0200000h-0200007h -pidloc=IDLOC -AEEDATA=0F00000h-0F000FFh \
  -peeprom_data=EEDATA \
  -prdata=COMRAM,nvrram=COMRAM,nvbit=COMRAM,rbss=COMRAM,rbit=COMRAM \
  -pfarbss=FARRAM,fardata=FARRAM,nvFARRAM=FARRAM \
  -pintsave_regs=BIGRAM,bigbss=BIGRAM,bigdata=BIGRAM -pbss=RAM \
  -pidata=CODE,irdata=CODE,ibigdata=CODE,ifardata=CODE -prparam=COMRAM \
  C:\Users\GONZALO\AppData\Local\Temp\sblo.o \
  dist/default/production\semana_13.X.production.o 

Object code version is 3.11

Machine type is 18F4550

Call graph: (short form)




                Name                               Link     Load   Length Selector   Space Scale
C:\Users\GONZALO\AppData\Local\Temp\sblo.o
                init                                  0        0        4        0       0
                idloc                            200000   200000        8   200000       0
                config                           300000   300000        E   300000       0
dist/default/production\semana_13.X.production.o
                text9                              7BF8     7BF8       1C     3DFC       0
                text8                              7DC8     7DC8       62     3EE4       0
                text7                              7CAA     7CAA       34     3E55       0
                text6                              7BDE     7BDE        8     3DEF       0
                text5                              7C14     7C14       1C     3E0A       0
                text4                              7CDE     7CDE       34     3E6F       0
                text3                              7C54     7C54       28     3E2A       0
                text2                              7D68     7D68       60     3EB4       0
                text1                              7C30     7C30       24     3E18       0
                text0                              7E2A     7E2A      1D6     3F15       0
                cstackCOMRAM                         2F       2F       11        1       1
                dataBANK0                            60       60       11       60       1
                dataCOMRAM                            1        1       2E        1       1
                bssCOMRAM                            40       40       10        1       1
                cinit                              7D12     7D12       56     3E89       0
                idataBANK0                         7BE7     7BE7       11     7BE7       0
                idataCOMRAM                        7C7C     7C7C       2E     7C7C       0

TOTAL           Name                               Link     Load   Length     Space
        CLASS   STACK          

        CLASS   CODE           
                init                                  0        0        4         0
                text9                              7BF8     7BF8       1C         0
                text8                              7DC8     7DC8       62         0
                text7                              7CAA     7CAA       34         0
                text6                              7BDE     7BDE        8         0
                text5                              7C14     7C14       1C         0
                text4                              7CDE     7CDE       34         0
                text3                              7C54     7C54       28         0
                text2                              7D68     7D68       60         0
                text1                              7C30     7C30       24         0
                text0                              7E2A     7E2A      1D6         0
                cinit                              7D12     7D12       56         0
                idataBANK0                         7BE7     7BE7       11         0
                idataCOMRAM                        7C7C     7C7C       2E         0

        CLASS   CONST          

        CLASS   SMALLCONST     

        CLASS   MEDIUMCONST    

        CLASS   COMRAM         
                cstackCOMRAM                         2F       2F       11         1
                dataCOMRAM                            1        1       2E         1
                bssCOMRAM                            40       40       10         1

        CLASS   ABS1           

        CLASS   BIGRAM         

        CLASS   RAM            

        CLASS   BANK0          
                dataBANK0                            60       60       11         1

        CLASS   BANK1          

        CLASS   BANK2          

        CLASS   BANK3          

        CLASS   BANK4          

        CLASS   BANK5          

        CLASS   BANK6          

        CLASS   BANK7          

        CLASS   SFR            

        CLASS   FARRAM         

        CLASS   CONFIG         
                config                           300000   300000        E         0

        CLASS   IDLOC          
                idloc                            200000   200000        8         0

        CLASS   EEDATA         



SEGMENTS        Name                           Load    Length   Top    Selector   Space  Class

                reset_vec                      000000  000004  000004         0       0  CODE    
                dataCOMRAM                     000001  00004F  000050         1       1  COMRAM  
                dataBANK0                      000060  000011  000071        60       1  BANK0   
                text6                          007BDE  000008  007BE6      3DEF       0  CODE    
                idataBANK0                     007BE7  000011  007BF8      7BE7       0  CODE    
                text9                          007BF8  00001C  007C14      3DFC       0  CODE    
                text5                          007C14  00001C  007C30      3E0A       0  CODE    
                text1                          007C30  000024  007C54      3E18       0  CODE    
                text3                          007C54  000028  007C7C      3E2A       0  CODE    
                idataCOMRAM                    007C7C  00002E  007CAA      7C7C       0  CODE    
                text7                          007CAA  000034  007CDE      3E55       0  CODE    
                text4                          007CDE  000034  007D12      3E6F       0  CODE    
                cinit                          007D12  000056  007D68      3E89       0  CODE    
                text2                          007D68  000060  007DC8      3EB4       0  CODE    
                text8                          007DC8  000062  007E2A      3EE4       0  CODE    
                text0                          007E2A  0001D6  008000      3F15       0  CODE    
                idloc                          200000  000008  200008    200000       0  IDLOC   
                config                         300000  00000E  30000E    300000       0  CONFIG  


UNUSED ADDRESS RANGES

        Name                Unused          Largest block    Delta
        BANK0            000071-0000FF               8F
        BANK1            000100-0001FF              100
        BANK2            000200-0002FF              100
        BANK3            000300-0003FF              100
        BANK4            000400-0004FF              100
        BANK5            000500-0005FF              100
        BANK6            000600-0006FF              100
        BANK7            000700-0007FF              100
        BIGRAM           000050-00005F               10
                         000071-0007FF              78F
        CODE             000004-007BDD             7BDA
                         007BE6-007BE6                1
        COMRAM           000050-00005F               10
        CONST            000004-007BDD             7BDA
                         007BE6-007BE6                1
        EEDATA           F00000-F000FF              100
        MEDIUMCONST      000800-007BDD             73DE
                         007BE6-007BE6                1
        RAM              000071-0007FF              100
        SFR              000F60-000FFF               A0
        SMALLCONST       000800-007BDD              100
                         007BE6-007BE6                1
        STACK            000071-0007FF              78F

                                  Symbol Table

CURSOR_ONOFF@estado       cstackCOMRAM 000032
ENVIA_CHAR@aux            cstackCOMRAM 000031
ENVIA_CHAR@dato           cstackCOMRAM 000030
ENVIA_LCD_CMD@aux         cstackCOMRAM 000031
ENVIA_LCD_CMD@dato        cstackCOMRAM 000030
ENVIA_NIBBLE@dato         cstackCOMRAM 00002F
ESCRIBE_MENSAJE@cadena    cstackCOMRAM 000032
ESCRIBE_MENSAJE@i         cstackCOMRAM 000035
ESCRIBE_MENSAJE@tam       cstackCOMRAM 000034
LEER_LCD@aux              cstackCOMRAM 00002F
POS_CURSOR@columna        cstackCOMRAM 000032
POS_CURSOR@fila           cstackCOMRAM 000033
_ADCON0                   (abs)        000FC2
_ADCON0bits               (abs)        000FC2
_ADCON1                   (abs)        000FC1
_ADCON2                   (abs)        000FC0
_ADRESH                   (abs)        000FC4
_ADRESL                   (abs)        000FC3
_BAUDCONbits              (abs)        000FB8
_BORRAR_LCD               text6        007BDE
_CURSOR_ONOFF             text5        007C14
_ENVIA_CHAR               text4        007CDE
_ENVIA_LCD_CMD            text7        007CAA
_ENVIA_NIBBLE             text9        007BF8
_ESCRIBE_MENSAJE          text3        007C54
_LATBbits                 (abs)        000F8A
_LATD                     (abs)        000F8C
_LATDbits                 (abs)        000F8C
_LCD_CONFIG               text2        007D68
_LEER_LCD                 text8        007DC8
_PORTBbits                (abs)        000F81
_PORTD                    (abs)        000F83
_POS_CURSOR               text1        007C30
_RCSTAbits                (abs)        000FAB
_SPBRG                    (abs)        000FAF
_SPBRGH                   (abs)        000FB0
_TRISA                    (abs)        000F92
_TRISB                    (abs)        000F93
_TRISBbits                (abs)        000F93
_TRISCbits                (abs)        000F94
_TRISD                    (abs)        000F95
_TRISE                    (abs)        000F96
_TXREG                    (abs)        000FAD
_TXSTAbits                (abs)        000FAC
__CFG_BOR$OFF             (abs)        000000
__CFG_CCP2MX$ON           (abs)        000000
__CFG_CPUDIV$OSC1_PLL2    (abs)        000000
__CFG_FOSC$XTPLL_XT       (abs)        000000
__CFG_LVP$OFF             (abs)        000000
__CFG_MCLRE$ON            (abs)        000000
__CFG_PBADEN$OFF          (abs)        000000
__CFG_PLLDIV$1            (abs)        000000
__CFG_PWRT$ON             (abs)        000000
__CFG_WDT$OFF             (abs)        000000
__HRAM                    (abs)        000000
__Habs1                   abs1         000000
__Hbank0                  bank0        000000
__Hbank1                  bank1        000000
__Hbank2                  bank2        000000
__Hbank3                  bank3        000000
__Hbank4                  bank4        000000
__Hbank5                  bank5        000000
__Hbank6                  bank6        000000
__Hbank7                  bank7        000000
__Hbigbss                 bigbss       000000
__Hbigdata                bigdata      000000
__Hbigram                 bigram       000000
__Hbss                    bss          000000
__HbssCOMRAM              bssCOMRAM    000000
__Hcinit                  cinit        000000
__Hclrtext                clrtext      000000
__Hcomram                 comram       000000
__Hconfig                 config       30000E
__Hconst                  const        000000
__HcstackCOMRAM           cstackCOMRAM 000000
__Hdata                   data         000000
__HdataBANK0              dataBANK0    000000
__HdataCOMRAM             dataCOMRAM   000000
__Heeprom_data            eeprom_data  000000
__Hfarbss                 farbss       000000
__Hfardata                fardata      000000
__Hibigdata               ibigdata     000000
__Hidata                  idata        000000
__HidataBANK0             idataBANK0   000000
__HidataCOMRAM            idataCOMRAM  000000
__Hidloc                  idloc        200008
__Hifardata               ifardata     000000
__Hinit                   init         000004
__Hintcode                intcode      000000
__Hintcode_body           intcode_body 000000
__Hintcodelo              intcodelo    000000
__Hintentry               intentry     000000
__Hintret                 intret       000000
__Hintsave_regs           intsave_regs 000000
__Hirdata                 irdata       000000
__Hmediumconst            mediumconst  000000
__HnvFARRAM               nvFARRAM     000000
__Hnvbit                  nvbit        000000
__Hnvrram                 nvrram       000000
__Hparam                  rparam       000000
__Hpowerup                powerup      000000
__Hram                    ram          000000
__Hramtop                 ramtop       000800
__Hrbit                   rbit         000000
__Hrbss                   rbss         000000
__Hrdata                  rdata        000000
__Hreset_vec              reset_vec    000000
__Hrparam                 rparam       000000
__Hsfr                    sfr          000000
__Hsmallconst             smallconst   000000
__Hspace_0                (abs)        30000E
__Hspace_1                (abs)        000071
__Hspace_2                (abs)        000000
__Hstack                  stack        000000
__Hstruct                 struct       000000
__Htemp                   temp         000000
__Htext                   text         000000
__Htext0                  text0        000000
__Htext1                  text1        000000
__Htext2                  text2        000000
__Htext3                  text3        000000
__Htext4                  text4        000000
__Htext5                  text5        000000
__Htext6                  text6        000000
__Htext7                  text7        000000
__Htext8                  text8        000000
__Htext9                  text9        000000
__LRAM                    (abs)        000001
__Labs1                   abs1         000000
__Lbank0                  bank0        000000
__Lbank1                  bank1        000000
__Lbank2                  bank2        000000
__Lbank3                  bank3        000000
__Lbank4                  bank4        000000
__Lbank5                  bank5        000000
__Lbank6                  bank6        000000
__Lbank7                  bank7        000000
__Lbigbss                 bigbss       000000
__Lbigdata                bigdata      000000
__Lbigram                 bigram       000000
__Lbss                    bss          000000
__LbssCOMRAM              bssCOMRAM    000000
__Lcinit                  cinit        000000
__Lclrtext                clrtext      000000
__Lcomram                 comram       000000
__Lconfig                 config       300000
__Lconst                  const        000000
__LcstackCOMRAM           cstackCOMRAM 000000
__Ldata                   data         000000
__LdataBANK0              dataBANK0    000000
__LdataCOMRAM             dataCOMRAM   000000
__Leeprom_data            eeprom_data  000000
__Lfarbss                 farbss       000000
__Lfardata                fardata      000000
__Libigdata               ibigdata     000000
__Lidata                  idata        000000
__LidataBANK0             idataBANK0   000000
__LidataCOMRAM            idataCOMRAM  000000
__Lidloc                  idloc        200000
__Lifardata               ifardata     000000
__Linit                   init         000000
__Lintcode                intcode      000000
__Lintcode_body           intcode_body 000000
__Lintcodelo              intcodelo    000000
__Lintentry               intentry     000000
__Lintret                 intret       000000
__Lintsave_regs           intsave_regs 000000
__Lirdata                 irdata       000000
__Lmediumconst            mediumconst  000000
__LnvFARRAM               nvFARRAM     000000
__Lnvbit                  nvbit        000000
__Lnvrram                 nvrram       000000
__Lparam                  rparam       000000
__Lpowerup                powerup      000000
__Lram                    ram          000000
__Lramtop                 ramtop       000800
__Lrbit                   rbit         000000
__Lrbss                   rbss         000000
__Lrdata                  rdata        000000
__Lreset_vec              reset_vec    000000
__Lrparam                 rparam       000000
__Lsfr                    sfr          000000
__Lsmallconst             smallconst   000000
__Lspace_0                (abs)        000000
__Lspace_1                (abs)        000000
__Lspace_2                (abs)        000000
__Lstack                  stack        000000
__Lstruct                 struct       000000
__Ltemp                   temp         000000
__Ltext                   text         000000
__Ltext0                  text0        000000
__Ltext1                  text1        000000
__Ltext2                  text2        000000
__Ltext3                  text3        000000
__Ltext4                  text4        000000
__Ltext5                  text5        000000
__Ltext6                  text6        000000
__Ltext7                  text7        000000
__Ltext8                  text8        000000
__Ltext9                  text9        000000
__S0                      (abs)        30000E
__S1                      (abs)        000071
__S2                      (abs)        000000
___inthi_sp               stack        000000
___intlo_sp               stack        000000
___param_bank             (abs)        000000
___rparam_used            (abs)        000001
___sp                     stack        000000
__accesstop               (abs)        000060
__activetblptr            (abs)        000002
__end_of_BORRAR_LCD       text6        007BE6
__end_of_CURSOR_ONOFF     text5        007C30
__end_of_ENVIA_CHAR       text4        007D12
__end_of_ENVIA_LCD_CMD    text7        007CDE
__end_of_ENVIA_NIBBLE     text9        007C14
__end_of_ESCRIBE_MENSAJE  text3        007C7C
__end_of_LCD_CONFIG       text2        007DC8
__end_of_LEER_LCD         text8        007E2A
__end_of_POS_CURSOR       text1        007C54
__end_of__initialization  cinit        007D5E
__end_of_main             text0        008000
__initialization          cinit        007D12
__mediumconst             mediumconst  000000
__pbssCOMRAM              bssCOMRAM    000040
__pcinit                  cinit        007D12
__pcstackCOMRAM           cstackCOMRAM 00002F
__pdataBANK0              dataBANK0    000060
__pdataCOMRAM             dataCOMRAM   000001
__pidataBANK0             idataBANK0   007BE7
__pidataCOMRAM            idataCOMRAM  007C7C
__ptext0                  text0        007E2A
__ptext1                  text1        007C30
__ptext2                  text2        007D68
__ptext3                  text3        007C54
__ptext4                  text4        007CDE
__ptext5                  text5        007C14
__ptext6                  text6        007BDE
__ptext7                  text7        007CAA
__ptext8                  text8        007DC8
__ptext9                  text9        007BF8
__ramtop                  ramtop       000800
__size_of_BORRAR_LCD      (abs)        000000
__size_of_CURSOR_ONOFF    (abs)        000000
__size_of_ENVIA_CHAR      (abs)        000000
__size_of_ENVIA_LCD_CMD   (abs)        000000
__size_of_ENVIA_NIBBLE    (abs)        000000
__size_of_ESCRIBE_MENSAJE (abs)        000000
__size_of_LCD_CONFIG      (abs)        000000
__size_of_LEER_LCD        (abs)        000000
__size_of_POS_CURSOR      (abs)        000000
__size_of_main            (abs)        000000
__smallconst              smallconst   000000
_cadena1                  dataCOMRAM   000001
_cadena2                  dataCOMRAM   00001E
_cadena3                  dataCOMRAM   00000D
_cadena4                  dataBANK0    000060
_digcen                   bssCOMRAM    00004A
_digdec                   bssCOMRAM    000048
_digdmi                   bssCOMRAM    00004E
_digmil                   bssCOMRAM    00004C
_diguni                   bssCOMRAM    000046
_main                     text0        007E2A
_temporal                 bssCOMRAM    000044
_temporal2                bssCOMRAM    000042
_temporal3                bssCOMRAM    000040
end_of_initialization     cinit        007D5E
intlevel0                 text         000000
intlevel1                 text         000000
intlevel2                 text         000000
intlevel3                 text         000000
main@c                    cstackCOMRAM 000038
main@c_599                cstackCOMRAM 00003A
main@c_608                cstackCOMRAM 00003C
main@c_609                cstackCOMRAM 00003E
stackhi                   (abs)        0007FF
stacklo                   (abs)        000071
start                     init         000000
start_initialization      cinit        007D12


FUNCTION INFORMATION:

 *************** function _main *****************
 Defined at:
		line 51 in file "labortario ejercicio2.c"
 Parameters:    Size  Location     Type
		None
 Auto vars:     Size  Location     Type
  c               2   15[COMRAM] int 
  c               2   13[COMRAM] int 
  c               2   11[COMRAM] int 
  c               2    9[COMRAM] int 
 Return value:  Size  Location     Type
                  1    wreg      void 
 Registers used:
		wreg, fsr2l, fsr2h, status,2, status,0, cstack
 Tracked objects:
		On entry : 
		On exit  : 
		Unchanged: 
 Data sizes:     COMRAM   BANK0   BANK1   BANK2   BANK3   BANK4   BANK5   BANK6   BANK7
      Params:         0       0       0       0       0       0       0       0       0
      Locals:         8       0       0       0       0       0       0       0       0
      Temps:          2       0       0       0       0       0       0       0       0
      Totals:        10       0       0       0       0       0       0       0       0
Total ram usage:       10 bytes
 Hardware stack levels required when called:    3
 This function calls:
		_BORRAR_LCD
		_CURSOR_ONOFF
		_ESCRIBE_MENSAJE
		_LCD_CONFIG
		_POS_CURSOR
 This function is called by:
		Startup code after reset
 This function uses a non-reentrant model


 *************** function _POS_CURSOR *****************
 Defined at:
		line 6 in file "LCD.c"
 Parameters:    Size  Location     Type
  fila            1    wreg     unsigned char 
  columna         1    3[COMRAM] unsigned char 
 Auto vars:     Size  Location     Type
  fila            1    4[COMRAM] unsigned char 
 Return value:  Size  Location     Type
                  1    wreg      void 
 Registers used:
		wreg, status,2, status,0, cstack
 Tracked objects:
		On entry : 
		On exit  : 
		Unchanged: 
 Data sizes:     COMRAM   BANK0   BANK1   BANK2   BANK3   BANK4   BANK5   BANK6   BANK7
      Params:         1       0       0       0       0       0       0       0       0
      Locals:         1       0       0       0       0       0       0       0       0
      Temps:          0       0       0       0       0       0       0       0       0
      Totals:         2       0       0       0       0       0       0       0       0
Total ram usage:        2 bytes
 Hardware stack levels used:    1
 Hardware stack levels required when called:    2
 This function calls:
		_ENVIA_LCD_CMD
 This function is called by:
		_main
 This function uses a non-reentrant model


 *************** function _LCD_CONFIG *****************
 Defined at:
		line 72 in file "LCD.c"
 Parameters:    Size  Location     Type
		None
 Auto vars:     Size  Location     Type
		None
 Return value:  Size  Location     Type
                  1    wreg      void 
 Registers used:
		wreg, status,2, status,0, cstack
 Tracked objects:
		On entry : 
		On exit  : 
		Unchanged: 
 Data sizes:     COMRAM   BANK0   BANK1   BANK2   BANK3   BANK4   BANK5   BANK6   BANK7
      Params:         0       0       0       0       0       0       0       0       0
      Locals:         0       0       0       0       0       0       0       0       0
      Temps:          1       0       0       0       0       0       0       0       0
      Totals:         1       0       0       0       0       0       0       0       0
Total ram usage:        1 bytes
 Hardware stack levels used:    1
 Hardware stack levels required when called:    2
 This function calls:
		_ENVIA_LCD_CMD
		_ENVIA_NIBBLE
 This function is called by:
		_main
 This function uses a non-reentrant model


 *************** function _ESCRIBE_MENSAJE *****************
 Defined at:
		line 41 in file "LCD.c"
 Parameters:    Size  Location     Type
  cadena          2    3[COMRAM] PTR const unsigned char 
		 -> cadena4(17), cadena3(17), cadena2(17), 
  tam             1    5[COMRAM] unsigned char 
 Auto vars:     Size  Location     Type
  i               1    6[COMRAM] unsigned char 
 Return value:  Size  Location     Type
                  1    wreg      void 
 Registers used:
		wreg, fsr2l, fsr2h, status,2, status,0, cstack
 Tracked objects:
		On entry : 
		On exit  : 
		Unchanged: 
 Data sizes:     COMRAM   BANK0   BANK1   BANK2   BANK3   BANK4   BANK5   BANK6   BANK7
      Params:         3       0       0       0       0       0       0       0       0
      Locals:         1       0       0       0       0       0       0       0       0
      Temps:          0       0       0       0       0       0       0       0       0
      Totals:         4       0       0       0       0       0       0       0       0
Total ram usage:        4 bytes
 Hardware stack levels used:    1
 Hardware stack levels required when called:    2
 This function calls:
		_ENVIA_CHAR
 This function is called by:
		_main
 This function uses a non-reentrant model


 *************** function _ENVIA_CHAR *****************
 Defined at:
		line 50 in file "LCD.c"
 Parameters:    Size  Location     Type
  dato            1    wreg     unsigned char 
 Auto vars:     Size  Location     Type
  dato            1    1[COMRAM] unsigned char 
  aux             1    2[COMRAM] unsigned char 
 Return value:  Size  Location     Type
                  1    wreg      void 
 Registers used:
		wreg, status,2, status,0, cstack
 Tracked objects:
		On entry : 
		On exit  : 
		Unchanged: 
 Data sizes:     COMRAM   BANK0   BANK1   BANK2   BANK3   BANK4   BANK5   BANK6   BANK7
      Params:         0       0       0       0       0       0       0       0       0
      Locals:         2       0       0       0       0       0       0       0       0
      Temps:          0       0       0       0       0       0       0       0       0
      Totals:         2       0       0       0       0       0       0       0       0
Total ram usage:        2 bytes
 Hardware stack levels used:    1
 Hardware stack levels required when called:    1
 This function calls:
		_ENVIA_NIBBLE
		_LEER_LCD
 This function is called by:
		_ESCRIBE_MENSAJE
		_GENERACARACTER
 This function uses a non-reentrant model


 *************** function _CURSOR_ONOFF *****************
 Defined at:
		line 35 in file "LCD.c"
 Parameters:    Size  Location     Type
  estado          1    wreg     unsigned char 
 Auto vars:     Size  Location     Type
  estado          1    3[COMRAM] unsigned char 
 Return value:  Size  Location     Type
                  1    wreg      void 
 Registers used:
		wreg, status,2, status,0, cstack
 Tracked objects:
		On entry : 
		On exit  : 
		Unchanged: 
 Data sizes:     COMRAM   BANK0   BANK1   BANK2   BANK3   BANK4   BANK5   BANK6   BANK7
      Params:         0       0       0       0       0       0       0       0       0
      Locals:         1       0       0       0       0       0       0       0       0
      Temps:          0       0       0       0       0       0       0       0       0
      Totals:         1       0       0       0       0       0       0       0       0
Total ram usage:        1 bytes
 Hardware stack levels used:    1
 Hardware stack levels required when called:    2
 This function calls:
		_ENVIA_LCD_CMD
 This function is called by:
		_main
 This function uses a non-reentrant model


 *************** function _BORRAR_LCD *****************
 Defined at:
		line 67 in file "LCD.c"
 Parameters:    Size  Location     Type
		None
 Auto vars:     Size  Location     Type
		None
 Return value:  Size  Location     Type
                  1    wreg      void 
 Registers used:
		wreg, status,2, status,0, cstack
 Tracked objects:
		On entry : 
		On exit  : 
		Unchanged: 
 Data sizes:     COMRAM   BANK0   BANK1   BANK2   BANK3   BANK4   BANK5   BANK6   BANK7
      Params:         0       0       0       0       0       0       0       0       0
      Locals:         0       0       0       0       0       0       0       0       0
      Temps:          0       0       0       0       0       0       0       0       0
      Totals:         0       0       0       0       0       0       0       0       0
Total ram usage:        0 bytes
 Hardware stack levels used:    1
 Hardware stack levels required when called:    2
 This function calls:
		_ENVIA_LCD_CMD
 This function is called by:
		_main
 This function uses a non-reentrant model


 *************** function _ENVIA_LCD_CMD *****************
 Defined at:
		line 104 in file "LCD.c"
 Parameters:    Size  Location     Type
  dato            1    wreg     unsigned char 
 Auto vars:     Size  Location     Type
  dato            1    1[COMRAM] unsigned char 
  aux             1    2[COMRAM] unsigned char 
 Return value:  Size  Location     Type
                  1    wreg      void 
 Registers used:
		wreg, status,2, status,0, cstack
 Tracked objects:
		On entry : 
		On exit  : 
		Unchanged: 
 Data sizes:     COMRAM   BANK0   BANK1   BANK2   BANK3   BANK4   BANK5   BANK6   BANK7
      Params:         0       0       0       0       0       0       0       0       0
      Locals:         2       0       0       0       0       0       0       0       0
      Temps:          0       0       0       0       0       0       0       0       0
      Totals:         2       0       0       0       0       0       0       0       0
Total ram usage:        2 bytes
 Hardware stack levels used:    1
 Hardware stack levels required when called:    1
 This function calls:
		_ENVIA_NIBBLE
		_LEER_LCD
 This function is called by:
		_POS_CURSOR
		_CURSOR_ONOFF
		_BORRAR_LCD
		_LCD_CONFIG
		_BLINK_CURSOR
		_DISPLAY_ONOFF
		_CURSOR_HOME
		_GENERACARACTER
 This function uses a non-reentrant model


 *************** function _LEER_LCD *****************
 Defined at:
		line 121 in file "LCD.c"
 Parameters:    Size  Location     Type
		None
 Auto vars:     Size  Location     Type
  aux             1    0[COMRAM] unsigned char 
 Return value:  Size  Location     Type
                  1    wreg      void 
 Registers used:
		wreg, status,2, status,0
 Tracked objects:
		On entry : 
		On exit  : 
		Unchanged: 
 Data sizes:     COMRAM   BANK0   BANK1   BANK2   BANK3   BANK4   BANK5   BANK6   BANK7
      Params:         0       0       0       0       0       0       0       0       0
      Locals:         1       0       0       0       0       0       0       0       0
      Temps:          0       0       0       0       0       0       0       0       0
      Totals:         1       0       0       0       0       0       0       0       0
Total ram usage:        1 bytes
 Hardware stack levels used:    1
 This function calls:
		Nothing
 This function is called by:
		_ENVIA_CHAR
		_ENVIA_LCD_CMD
 This function uses a non-reentrant model


 *************** function _ENVIA_NIBBLE *****************
 Defined at:
		line 93 in file "LCD.c"
 Parameters:    Size  Location     Type
  dato            1    wreg     unsigned char 
 Auto vars:     Size  Location     Type
  dato            1    0[COMRAM] unsigned char 
 Return value:  Size  Location     Type
                  1    wreg      void 
 Registers used:
		wreg, status,2, status,0
 Tracked objects:
		On entry : 
		On exit  : 
		Unchanged: 
 Data sizes:     COMRAM   BANK0   BANK1   BANK2   BANK3   BANK4   BANK5   BANK6   BANK7
      Params:         0       0       0       0       0       0       0       0       0
      Locals:         1       0       0       0       0       0       0       0       0
      Temps:          0       0       0       0       0       0       0       0       0
      Totals:         1       0       0       0       0       0       0       0       0
Total ram usage:        1 bytes
 Hardware stack levels used:    1
 This function calls:
		Nothing
 This function is called by:
		_ENVIA_CHAR
		_LCD_CONFIG
		_ENVIA_LCD_CMD
 This function uses a non-reentrant model



MODULE INFORMATION

Module		Function		Class		Link	Load	Size
labortario ejercicio2.c
		_main          		CODE           	7E2A	0000	471

labortario ejercicio2.c estimated size: 471

shared
		__initialization		CODE           	7D12	0000	77

shared estimated size: 77

LCD.c
		_ENVIA_NIBBLE  		CODE           	7BF8	0000	29
		_ENVIA_CHAR    		CODE           	7CDE	0000	53
		_CURSOR_ONOFF  		CODE           	7C14	0000	29
		_POS_CURSOR    		CODE           	7C30	0000	37
		_ESCRIBE_MENSAJE		CODE           	7C54	0000	41
		_ENVIA_LCD_CMD 		CODE           	7CAA	0000	53
		_LCD_CONFIG    		CODE           	7D68	0000	97
		_BORRAR_LCD    		CODE           	7BDE	0000	9
		_LEER_LCD      		CODE           	7DC8	0000	99

LCD.c estimated size: 447

