MPLINK 5.09, LINKER
Linker Map File - Created Mon Dec 17 19:51:45 2018

                                 Section Info
                  Section       Type    Address   Location Size(Bytes)
                ---------  ---------  ---------  ---------  ---------
                   .org_1       code   0x000000    program   0x000004
                   .cinit    romdata   0x000004    program   0x000002
                   .org_2       code   0x000008    program   0x000004
                   .org_3       code   0x000020    program   0x000084
                   .org_0       code   0x000200    program   0x00000c
                   .org_4       code   0x000300    program   0x00015a
.config_300001_BUILD/DEFAULT/PRODUCTION/RELOJ.O    romdata   0x300001    program   0x000001
.config_300002_BUILD/DEFAULT/PRODUCTION/RELOJ.O    romdata   0x300002    program   0x000001
.config_300003_BUILD/DEFAULT/PRODUCTION/RELOJ.O    romdata   0x300003    program   0x000001
.config_300005_BUILD/DEFAULT/PRODUCTION/RELOJ.O    romdata   0x300005    program   0x000001
.config_300006_BUILD/DEFAULT/PRODUCTION/RELOJ.O    romdata   0x300006    program   0x000001



                              Program Memory Usage 
                               Start         End      
                           ---------   ---------      
                            0x000000    0x000005      
                            0x000008    0x00000b      
                            0x000020    0x0000a3      
                            0x000200    0x00020b      
                            0x000300    0x000459      
                            0x300001    0x300003      
                            0x300005    0x300006      
            505 out of 33048 program addresses used, program memory utilization is 1%



                              Symbols - Sorted by Name
                     Name    Address   Location    Storage File                     
                ---------  ---------  ---------  --------- ---------                
                 amarillo   0x000408    program     static C:\Users\GONZALO\MPLABXProjects\Hecatombe.X\reloj.asm
                     azul   0x0003fc    program     static C:\Users\GONZALO\MPLABXProjects\Hecatombe.X\reloj.asm
                   bucle2   0x00043a    program     static C:\Users\GONZALO\MPLABXProjects\Hecatombe.X\reloj.asm
                   bucle3   0x00044a    program     static C:\Users\GONZALO\MPLABXProjects\Hecatombe.X\reloj.asm
                configura   0x000020    program     static C:\Users\GONZALO\MPLABXProjects\Hecatombe.X\reloj.asm
                    dalee   0x000334    program     static C:\Users\GONZALO\MPLABXProjects\Hecatombe.X\reloj.asm
                 delaymon   0x00042a    program     static C:\Users\GONZALO\MPLABXProjects\Hecatombe.X\reloj.asm
               displayada   0x000050    program     static C:\Users\GONZALO\MPLABXProjects\Hecatombe.X\reloj.asm
                  interru   0x000300    program     static C:\Users\GONZALO\MPLABXProjects\Hecatombe.X\reloj.asm
                     nika   0x000330    program     static C:\Users\GONZALO\MPLABXProjects\Hecatombe.X\reloj.asm
                  nivel2a   0x000348    program     static C:\Users\GONZALO\MPLABXProjects\Hecatombe.X\reloj.asm
                  nivel2b   0x000354    program     static C:\Users\GONZALO\MPLABXProjects\Hecatombe.X\reloj.asm
                  nivel3a   0x000360    program     static C:\Users\GONZALO\MPLABXProjects\Hecatombe.X\reloj.asm
                  nivel3b   0x00036c    program     static C:\Users\GONZALO\MPLABXProjects\Hecatombe.X\reloj.asm
                  nivel3c   0x000378    program     static C:\Users\GONZALO\MPLABXProjects\Hecatombe.X\reloj.asm
                  nivel3d   0x000384    program     static C:\Users\GONZALO\MPLABXProjects\Hecatombe.X\reloj.asm
                  nivel4a   0x000390    program     static C:\Users\GONZALO\MPLABXProjects\Hecatombe.X\reloj.asm
                  nivel4b   0x00039c    program     static C:\Users\GONZALO\MPLABXProjects\Hecatombe.X\reloj.asm
                  nivel4c   0x0003a8    program     static C:\Users\GONZALO\MPLABXProjects\Hecatombe.X\reloj.asm
                  nivel4d   0x0003b4    program     static C:\Users\GONZALO\MPLABXProjects\Hecatombe.X\reloj.asm
                  nivel4e   0x0003c0    program     static C:\Users\GONZALO\MPLABXProjects\Hecatombe.X\reloj.asm
                  nivel4f   0x0003cc    program     static C:\Users\GONZALO\MPLABXProjects\Hecatombe.X\reloj.asm
                  nivel4g   0x0003d8    program     static C:\Users\GONZALO\MPLABXProjects\Hecatombe.X\reloj.asm
                  nivel4h   0x0003e4    program     static C:\Users\GONZALO\MPLABXProjects\Hecatombe.X\reloj.asm
                   nivela   0x00033c    program     static C:\Users\GONZALO\MPLABXProjects\Hecatombe.X\reloj.asm
                     nope   0x000318    program     static C:\Users\GONZALO\MPLABXProjects\Hecatombe.X\reloj.asm
                    otro1   0x00042e    program     static C:\Users\GONZALO\MPLABXProjects\Hecatombe.X\reloj.asm
                    otro2   0x00043e    program     static C:\Users\GONZALO\MPLABXProjects\Hecatombe.X\reloj.asm
                    otro3   0x00044e    program     static C:\Users\GONZALO\MPLABXProjects\Hecatombe.X\reloj.asm
                     rojo   0x000418    program     static C:\Users\GONZALO\MPLABXProjects\Hecatombe.X\reloj.asm
                   rosado   0x0003f0    program     static C:\Users\GONZALO\MPLABXProjects\Hecatombe.X\reloj.asm
                      see   0x00031c    program     static C:\Users\GONZALO\MPLABXProjects\Hecatombe.X\reloj.asm
                     sega   0x000324    program     static C:\Users\GONZALO\MPLABXProjects\Hecatombe.X\reloj.asm
                  tabla7s   0x000200    program     static C:\Users\GONZALO\MPLABXProjects\Hecatombe.X\reloj.asm
                    verde   0x0003f4    program     static C:\Users\GONZALO\MPLABXProjects\Hecatombe.X\reloj.asm



                              Symbols - Sorted by Address
                     Name    Address   Location    Storage File                     
                ---------  ---------  ---------  --------- ---------                
                configura   0x000020    program     static C:\Users\GONZALO\MPLABXProjects\Hecatombe.X\reloj.asm
               displayada   0x000050    program     static C:\Users\GONZALO\MPLABXProjects\Hecatombe.X\reloj.asm
                  tabla7s   0x000200    program     static C:\Users\GONZALO\MPLABXProjects\Hecatombe.X\reloj.asm
                  interru   0x000300    program     static C:\Users\GONZALO\MPLABXProjects\Hecatombe.X\reloj.asm
                     nope   0x000318    program     static C:\Users\GONZALO\MPLABXProjects\Hecatombe.X\reloj.asm
                      see   0x00031c    program     static C:\Users\GONZALO\MPLABXProjects\Hecatombe.X\reloj.asm
                     sega   0x000324    program     static C:\Users\GONZALO\MPLABXProjects\Hecatombe.X\reloj.asm
                     nika   0x000330    program     static C:\Users\GONZALO\MPLABXProjects\Hecatombe.X\reloj.asm
                    dalee   0x000334    program     static C:\Users\GONZALO\MPLABXProjects\Hecatombe.X\reloj.asm
                   nivela   0x00033c    program     static C:\Users\GONZALO\MPLABXProjects\Hecatombe.X\reloj.asm
                  nivel2a   0x000348    program     static C:\Users\GONZALO\MPLABXProjects\Hecatombe.X\reloj.asm
                  nivel2b   0x000354    program     static C:\Users\GONZALO\MPLABXProjects\Hecatombe.X\reloj.asm
                  nivel3a   0x000360    program     static C:\Users\GONZALO\MPLABXProjects\Hecatombe.X\reloj.asm
                  nivel3b   0x00036c    program     static C:\Users\GONZALO\MPLABXProjects\Hecatombe.X\reloj.asm
                  nivel3c   0x000378    program     static C:\Users\GONZALO\MPLABXProjects\Hecatombe.X\reloj.asm
                  nivel3d   0x000384    program     static C:\Users\GONZALO\MPLABXProjects\Hecatombe.X\reloj.asm
                  nivel4a   0x000390    program     static C:\Users\GONZALO\MPLABXProjects\Hecatombe.X\reloj.asm
                  nivel4b   0x00039c    program     static C:\Users\GONZALO\MPLABXProjects\Hecatombe.X\reloj.asm
                  nivel4c   0x0003a8    program     static C:\Users\GONZALO\MPLABXProjects\Hecatombe.X\reloj.asm
                  nivel4d   0x0003b4    program     static C:\Users\GONZALO\MPLABXProjects\Hecatombe.X\reloj.asm
                  nivel4e   0x0003c0    program     static C:\Users\GONZALO\MPLABXProjects\Hecatombe.X\reloj.asm
                  nivel4f   0x0003cc    program     static C:\Users\GONZALO\MPLABXProjects\Hecatombe.X\reloj.asm
                  nivel4g   0x0003d8    program     static C:\Users\GONZALO\MPLABXProjects\Hecatombe.X\reloj.asm
                  nivel4h   0x0003e4    program     static C:\Users\GONZALO\MPLABXProjects\Hecatombe.X\reloj.asm
                   rosado   0x0003f0    program     static C:\Users\GONZALO\MPLABXProjects\Hecatombe.X\reloj.asm
                    verde   0x0003f4    program     static C:\Users\GONZALO\MPLABXProjects\Hecatombe.X\reloj.asm
                     azul   0x0003fc    program     static C:\Users\GONZALO\MPLABXProjects\Hecatombe.X\reloj.asm
                 amarillo   0x000408    program     static C:\Users\GONZALO\MPLABXProjects\Hecatombe.X\reloj.asm
                     rojo   0x000418    program     static C:\Users\GONZALO\MPLABXProjects\Hecatombe.X\reloj.asm
                 delaymon   0x00042a    program     static C:\Users\GONZALO\MPLABXProjects\Hecatombe.X\reloj.asm
                    otro1   0x00042e    program     static C:\Users\GONZALO\MPLABXProjects\Hecatombe.X\reloj.asm
                   bucle2   0x00043a    program     static C:\Users\GONZALO\MPLABXProjects\Hecatombe.X\reloj.asm
                    otro2   0x00043e    program     static C:\Users\GONZALO\MPLABXProjects\Hecatombe.X\reloj.asm
                   bucle3   0x00044a    program     static C:\Users\GONZALO\MPLABXProjects\Hecatombe.X\reloj.asm
                    otro3   0x00044e    program     static C:\Users\GONZALO\MPLABXProjects\Hecatombe.X\reloj.asm


