MPLINK 5.09, LINKER
Linker Map File - Created Mon Apr 22 23:16:04 2019

                                 Section Info
                  Section       Type    Address   Location Size(Bytes)
                ---------  ---------  ---------  ---------  ---------
                   .org_0       code   0x000000    program   0x000004
                   .cinit    romdata   0x000004    program   0x000002
                   .org_1       code   0x000200    program   0x00000c
.config_300001_BUILD/DEFAULT/PRODUCTION/PLANTIL    romdata   0x300001    program   0x000001
.config_300002_BUILD/DEFAULT/PRODUCTION/PLANTIL    romdata   0x300002    program   0x000001
.config_300003_BUILD/DEFAULT/PRODUCTION/PLANTIL    romdata   0x300003    program   0x000001
.config_300005_BUILD/DEFAULT/PRODUCTION/PLANTIL    romdata   0x300005    program   0x000001
.config_300006_BUILD/DEFAULT/PRODUCTION/PLANTIL    romdata   0x300006    program   0x000001



                              Program Memory Usage 
                               Start         End      
                           ---------   ---------      
                            0x000000    0x000005      
                            0x000200    0x00020b      
                            0x300001    0x300003      
                            0x300005    0x300006      
            23 out of 33048 program addresses used, program memory utilization is 0%



                              Symbols - Sorted by Name
                     Name    Address   Location    Storage File                     
                ---------  ---------  ---------  --------- ---------                
                      FIN   0x000208    program     static C:\Users\GONZALO\MPLABXProjects\prueba.X\plantilla.asm
                     MAIN   0x000200    program     static C:\Users\GONZALO\MPLABXProjects\prueba.X\plantilla.asm



                              Symbols - Sorted by Address
                     Name    Address   Location    Storage File                     
                ---------  ---------  ---------  --------- ---------                
                     MAIN   0x000200    program     static C:\Users\GONZALO\MPLABXProjects\prueba.X\plantilla.asm
                      FIN   0x000208    program     static C:\Users\GONZALO\MPLABXProjects\prueba.X\plantilla.asm


