MPLINK 5.09, LINKER
Linker Map File - Created Wed Oct 10 22:57:37 2018

                                 Section Info
                  Section       Type    Address   Location Size(Bytes)
                ---------  ---------  ---------  ---------  ---------
                   .org_0       code   0x000000    program   0x000004
                   .cinit    romdata   0x000004    program   0x000002
                   .org_1       code   0x000020    program   0x000016



                              Program Memory Usage 
                               Start         End      
                           ---------   ---------      
                            0x000000    0x000005      
                            0x000020    0x000035      
            28 out of 33048 program addresses used, program memory utilization is 0%



                              Symbols - Sorted by Name
                     Name    Address   Location    Storage File                     
                ---------  ---------  ---------  --------- ---------                
                configura   0x000020    program     static C:\Users\GONZALO\MPLABXProjects\Negador.X\Memristor.asm
                   falson   0x000030    program     static C:\Users\GONZALO\MPLABXProjects\Negador.X\Memristor.asm
                   inicio   0x000024    program     static C:\Users\GONZALO\MPLABXProjects\Negador.X\Memristor.asm
               verdaderon   0x00002a    program     static C:\Users\GONZALO\MPLABXProjects\Negador.X\Memristor.asm



                              Symbols - Sorted by Address
                     Name    Address   Location    Storage File                     
                ---------  ---------  ---------  --------- ---------                
                configura   0x000020    program     static C:\Users\GONZALO\MPLABXProjects\Negador.X\Memristor.asm
                   inicio   0x000024    program     static C:\Users\GONZALO\MPLABXProjects\Negador.X\Memristor.asm
               verdaderon   0x00002a    program     static C:\Users\GONZALO\MPLABXProjects\Negador.X\Memristor.asm
                   falson   0x000030    program     static C:\Users\GONZALO\MPLABXProjects\Negador.X\Memristor.asm


