MPLINK 5.09, LINKER
Linker Map File - Created Wed Apr 03 22:25:28 2019

                                 Section Info
                  Section       Type    Address   Location Size(Bytes)
                ---------  ---------  ---------  ---------  ---------
                   .org_2       code   0x000000    program   0x000004
                   .cinit    romdata   0x000004    program   0x000002
                   .org_3       code   0x000020    program   0x0000e4
                   .org_0       code   0x000700    program   0x000006
                   .org_1       code   0x000740    program   0x00000a
.config_300001_BUILD/DEFAULT/PRODUCTION/LAB_SEM    romdata   0x300001    program   0x000001
.config_300002_BUILD/DEFAULT/PRODUCTION/LAB_SEM    romdata   0x300002    program   0x000001
.config_300003_BUILD/DEFAULT/PRODUCTION/LAB_SEM    romdata   0x300003    program   0x000001
.config_300005_BUILD/DEFAULT/PRODUCTION/LAB_SEM    romdata   0x300005    program   0x000001



                              Program Memory Usage 
                               Start         End      
                           ---------   ---------      
                            0x000000    0x000005      
                            0x000020    0x000103      
                            0x000700    0x000705      
                            0x000740    0x000749      
                            0x300001    0x300003      
                            0x300005    0x300005      
            254 out of 33048 program addresses used, program memory utilization is 0%



                              Symbols - Sorted by Name
                     Name    Address   Location    Storage File                     
                ---------  ---------  ---------  --------- ---------                
                    BUCLE   0x0000ac    program     static C:\Users\GONZALO\MPLABXProjects\semana3.X\lab_semana3.asm
                    CINCO   0x000086    program     static C:\Users\GONZALO\MPLABXProjects\semana3.X\lab_semana3.asm
                    CLAVE   0x000700    program     static C:\Users\GONZALO\MPLABXProjects\semana3.X\lab_semana3.asm
                 CORRECTO   0x0000e2    program     static C:\Users\GONZALO\MPLABXProjects\semana3.X\lab_semana3.asm
                   CUATRO   0x000080    program     static C:\Users\GONZALO\MPLABXProjects\semana3.X\lab_semana3.asm
                      DOS   0x000074    program     static C:\Users\GONZALO\MPLABXProjects\semana3.X\lab_semana3.asm
                    FALLO   0x0000d6    program     static C:\Users\GONZALO\MPLABXProjects\semana3.X\lab_semana3.asm
                   INICIO   0x00003a    program     static C:\Users\GONZALO\MPLABXProjects\semana3.X\lab_semana3.asm
                     MAIN   0x000020    program     static C:\Users\GONZALO\MPLABXProjects\semana3.X\lab_semana3.asm
                     RET1   0x0000f2    program     static C:\Users\GONZALO\MPLABXProjects\semana3.X\lab_semana3.asm
                     RET2   0x0000f6    program     static C:\Users\GONZALO\MPLABXProjects\semana3.X\lab_semana3.asm
                  RETARDO   0x0000ee    program     static C:\Users\GONZALO\MPLABXProjects\semana3.X\lab_semana3.asm
                    SALIR   0x00008c    program     static C:\Users\GONZALO\MPLABXProjects\semana3.X\lab_semana3.asm
                    SALTO   0x0000bc    program     static C:\Users\GONZALO\MPLABXProjects\semana3.X\lab_semana3.asm
                    SIGUE   0x000046    program     static C:\Users\GONZALO\MPLABXProjects\semana3.X\lab_semana3.asm
                    TABLA   0x000740    program     static C:\Users\GONZALO\MPLABXProjects\semana3.X\lab_semana3.asm
                     TRES   0x00007a    program     static C:\Users\GONZALO\MPLABXProjects\semana3.X\lab_semana3.asm
                      UNO   0x00006e    program     static C:\Users\GONZALO\MPLABXProjects\semana3.X\lab_semana3.asm
                 VERIFICA   0x0000a6    program     static C:\Users\GONZALO\MPLABXProjects\semana3.X\lab_semana3.asm



                              Symbols - Sorted by Address
                     Name    Address   Location    Storage File                     
                ---------  ---------  ---------  --------- ---------                
                     MAIN   0x000020    program     static C:\Users\GONZALO\MPLABXProjects\semana3.X\lab_semana3.asm
                   INICIO   0x00003a    program     static C:\Users\GONZALO\MPLABXProjects\semana3.X\lab_semana3.asm
                    SIGUE   0x000046    program     static C:\Users\GONZALO\MPLABXProjects\semana3.X\lab_semana3.asm
                      UNO   0x00006e    program     static C:\Users\GONZALO\MPLABXProjects\semana3.X\lab_semana3.asm
                      DOS   0x000074    program     static C:\Users\GONZALO\MPLABXProjects\semana3.X\lab_semana3.asm
                     TRES   0x00007a    program     static C:\Users\GONZALO\MPLABXProjects\semana3.X\lab_semana3.asm
                   CUATRO   0x000080    program     static C:\Users\GONZALO\MPLABXProjects\semana3.X\lab_semana3.asm
                    CINCO   0x000086    program     static C:\Users\GONZALO\MPLABXProjects\semana3.X\lab_semana3.asm
                    SALIR   0x00008c    program     static C:\Users\GONZALO\MPLABXProjects\semana3.X\lab_semana3.asm
                 VERIFICA   0x0000a6    program     static C:\Users\GONZALO\MPLABXProjects\semana3.X\lab_semana3.asm
                    BUCLE   0x0000ac    program     static C:\Users\GONZALO\MPLABXProjects\semana3.X\lab_semana3.asm
                    SALTO   0x0000bc    program     static C:\Users\GONZALO\MPLABXProjects\semana3.X\lab_semana3.asm
                    FALLO   0x0000d6    program     static C:\Users\GONZALO\MPLABXProjects\semana3.X\lab_semana3.asm
                 CORRECTO   0x0000e2    program     static C:\Users\GONZALO\MPLABXProjects\semana3.X\lab_semana3.asm
                  RETARDO   0x0000ee    program     static C:\Users\GONZALO\MPLABXProjects\semana3.X\lab_semana3.asm
                     RET1   0x0000f2    program     static C:\Users\GONZALO\MPLABXProjects\semana3.X\lab_semana3.asm
                     RET2   0x0000f6    program     static C:\Users\GONZALO\MPLABXProjects\semana3.X\lab_semana3.asm
                    CLAVE   0x000700    program     static C:\Users\GONZALO\MPLABXProjects\semana3.X\lab_semana3.asm
                    TABLA   0x000740    program     static C:\Users\GONZALO\MPLABXProjects\semana3.X\lab_semana3.asm


